MPLINK 5.00, LINKER
Linker Map File - Created Sat Oct 23 00:39:15 2021

                                 Section Info
                  Section       Type    Address   Location Size(Bytes)
                ---------  ---------  ---------  ---------  ---------
               _entry_scn       code   0x000000    program   0x000006
    HIGH_INTERRUPT_VECTOR       code   0x000008    program   0x000006
     LOW_INTERRUPT_VECTOR       code   0x000018    program   0x000006
    REMAPPED_RESET_VECTOR       code   0x001000    program   0x000006
           .code___init.o       code   0x001006    program   0x000002
REMAPPED_HIGH_INTERRUPT_VECTOR       code   0x001008    program   0x000006
         .code_pw1close.o       code   0x00100e    program   0x000004
.idata_usb_function_hid.o_i    romdata   0x001012    program   0x000000
.romdata_usb_function_hid.o    romdata   0x001012    program   0x000000
        .idata_eeprom.o_i    romdata   0x001012    program   0x000000
        .romdata_eeprom.o    romdata   0x001012    program   0x000000
      .idata_pw1close.o_i    romdata   0x001012    program   0x000000
      .romdata_pw1close.o    romdata   0x001012    program   0x000000
      .idata_fxd1616u.o_i    romdata   0x001012    program   0x000000
    .romdata_usb_device.o    romdata   0x001012    program   0x000000
      .romdata_fxd1616u.o    romdata   0x001012    program   0x000000
    .idata_usb_device.o_i    romdata   0x001012    program   0x000000
       .idata_pw1open.o_i    romdata   0x001012    program   0x000000
       .romdata_pw1open.o    romdata   0x001012    program   0x000000
        .idata_t0open.o_i    romdata   0x001012    program   0x000000
        .romdata_t0open.o    romdata   0x001012    program   0x000000
        .idata_t2open.o_i    romdata   0x001012    program   0x000000
        .romdata_t2open.o    romdata   0x001012    program   0x000000
      .idata_pw1setdc.o_i    romdata   0x001012    program   0x000000
      .romdata_pw1setdc.o    romdata   0x001012    program   0x000000
       .idata_t0write.o_i    romdata   0x001012    program   0x000000
       .romdata_t0write.o    romdata   0x001012    program   0x000000
        .idata___init.o_i    romdata   0x001012    program   0x000000
        .romdata___init.o    romdata   0x001012    program   0x000000
         .idata_c018i.o_i    romdata   0x001012    program   0x000000
         .romdata_c018i.o    romdata   0x001012    program   0x000000
            .code_c018i.o       code   0x001012    program   0x000000
.idata_usb_descriptors.o_i    romdata   0x001012    program   0x000000
  .code_usb_descriptors.o       code   0x001012    program   0x000000
          .romdata_main.o    romdata   0x001012    program   0x000000
             .stringtable    romdata   0x001012    program   0x000000
REMAPPED_LOW_INTERRUPT_VECTOR       code   0x001018    program   0x000006
                   .cinit    romdata   0x00101e    program   0x00000e
             .code_main.o       code   0x00102c    program   0x001c38
       .code_usb_device.o       code   0x002c64    program   0x000c9e
.romdata_usb_descriptors.o    romdata   0x003902    program   0x00018c
 .code_usb_function_hid.o       code   0x003a8e    program   0x000122
               _cinit_scn       code   0x003bb0    program   0x00009e
         .code_pw1setdc.o       code   0x003c4e    program   0x00005e
                   STRING       code   0x003cac    program   0x000050
          .code_pw1open.o       code   0x003cfc    program   0x000048
           .code_eeprom.o       code   0x003d44    program   0x000042
          .code_t0write.o       code   0x003d86    program   0x000038
           .code_t0open.o       code   0x003dbe    program   0x000038
           .code_t2open.o       code   0x003df6    program   0x000036
         .code_fxd1616u.o       code   0x003e2c    program   0x00002c
                    .code       code   0x003e58    program   0x000020
             _startup_scn       code   0x003e78    program   0x00001c
          .idata_main.o_i    romdata   0x003e94    program   0x000095
    .config_300000_main.o    romdata   0x300000    program   0x000001
    .config_300001_main.o    romdata   0x300001    program   0x000001
    .config_300002_main.o    romdata   0x300002    program   0x000001
    .config_300003_main.o    romdata   0x300003    program   0x000001
    .config_300005_main.o    romdata   0x300005    program   0x000001
    .config_300006_main.o    romdata   0x300006    program   0x000001
    .config_300008_main.o    romdata   0x300008    program   0x000001
    .config_300009_main.o    romdata   0x300009    program   0x000001
    .config_30000a_main.o    romdata   0x30000a    program   0x000001
    .config_30000b_main.o    romdata   0x30000b    program   0x000001
    .config_30000c_main.o    romdata   0x30000c    program   0x000001
    .config_30000d_main.o    romdata   0x30000d    program   0x000001
                MATH_DATA      udata   0x000000       data   0x000010
                 .tmpdata      udata   0x000010       data   0x000004
            .idata_main.o      idata   0x000060       data   0x000095
           .udata_c018i.o      udata   0x0000f5       data   0x00000a
          .idata_t2open.o      idata   0x0000ff       data   0x000000
          .udata_t2open.o      udata   0x0000ff       data   0x000000
          .idata_t0open.o      idata   0x0000ff       data   0x000000
          .udata_t0open.o      udata   0x0000ff       data   0x000000
         .idata_pw1open.o      idata   0x0000ff       data   0x000000
         .udata_pw1open.o      udata   0x0000ff       data   0x000000
        .idata_fxd1616u.o      idata   0x0000ff       data   0x000000
        .udata_fxd1616u.o      udata   0x0000ff       data   0x000000
        .idata_pw1close.o      idata   0x0000ff       data   0x000000
        .udata_pw1close.o      udata   0x0000ff       data   0x000000
        .udata_pw1setdc.o      udata   0x0000ff       data   0x000000
        .idata_pw1setdc.o      idata   0x0000ff       data   0x000000
          .idata_eeprom.o      idata   0x0000ff       data   0x000000
          .udata_eeprom.o      udata   0x0000ff       data   0x000000
.idata_usb_function_hid.o      idata   0x0000ff       data   0x000000
         .udata_t0write.o      udata   0x0000ff       data   0x000000
         .idata_t0write.o      idata   0x0000ff       data   0x000000
      .idata_usb_device.o      idata   0x0000ff       data   0x000000
          .udata___init.o      udata   0x0000ff       data   0x000000
          .idata___init.o      idata   0x0000ff       data   0x000000
 .idata_usb_descriptors.o      idata   0x0000ff       data   0x000000
 .udata_usb_descriptors.o      udata   0x0000ff       data   0x000000
           .idata_c018i.o      idata   0x0000ff       data   0x000000
                   .stack      udata   0x000100       data   0x000050
            .udata_main.o      udata   0x000150       data   0x000062
      .udata_usb_device.o      udata   0x0001b2       data   0x000040
.udata_usb_function_hid.o      udata   0x0001f2       data   0x000002
                  USB_BDT      udata   0x000200       data   0x000069
                  usbram2      udata   0x000269       data   0x00008d
              SFR_BANKED0      udata   0x000f53       data   0x00000d
            SFR_UNBANKED0      udata   0x000f60       data   0x0000a0



                              Program Memory Usage 
                               Start         End      
                           ---------   ---------      
                            0x000000    0x000005      
                            0x000008    0x00000d      
                            0x000018    0x00001d      
                            0x001000    0x001011      
                            0x001018    0x003f28      
                            0x300000    0x300003      
                            0x300005    0x300006      
                            0x300008    0x30000d      
            12097 out of 16408 program addresses used, program memory utilization is 73%



                              Symbols - Sorted by Name
                     Name    Address   Location    Storage File                     
                ---------  ---------  ---------  --------- ---------                
                ClosePWM1   0x00100e    program     extern E:\3.46\pic18-lt\cxx-framework\src\pmc_common\PWM\pw1close.c
                 FXD1616U   0x003e2c    program     extern E:\3.46\pic18-lt\cxx-framework\src\traditional\math\fxd1616u.c
                 High_ISR   0x000008    program     extern C:\temp2\RemoconServant212_ex\main.c
         InitializeSystem   0x0011ac    program     static C:\temp2\RemoconServant212_ex\main.c
                  Low_ISR   0x000018    program     extern C:\temp2\RemoconServant212_ex\main.c
                 OpenPWM1   0x003cfc    program     extern E:\3.46\pic18-lt\cxx-framework\src\pmc_common\PWM\pw1open.c
         OpenPWM1ConfigIO   0x003d26    program     extern E:\3.46\pic18-lt\cxx-framework\src\pmc_common\PWM\pw1open.c
               OpenTimer0   0x003dbe    program     extern E:\3.46\pic18-lt\cxx-framework\src\pmc_common\Timers\t0open.c
               OpenTimer2   0x003df6    program     extern E:\3.46\pic18-lt\cxx-framework\src\pmc_common\Timers\t2open.c
                ProcessIO   0x001300    program     extern C:\temp2\RemoconServant212_ex\main.c
               ReadEEPROM   0x003d44    program     extern C:\temp2\RemoconServant212_ex\eeprom.c
        Remapped_High_ISR   0x001008    program     extern C:\temp2\RemoconServant212_ex\main.c
         Remapped_Low_ISR   0x001018    program     extern C:\temp2\RemoconServant212_ex\main.c
           RemoconOutData   0x001c6a    program     extern C:\temp2\RemoconServant212_ex\main.c
       RemoconReceiveData   0x0020b0    program     extern C:\temp2\RemoconServant212_ex\main.c
                SetDCPWM1   0x003c4e    program     extern E:\3.46\pic18-lt\cxx-framework\src\pmc_common\PWM\pw1setdc.c
       USBCBCheckOtherReq   0x001b8e    program     extern C:\temp2\RemoconServant212_ex\main.c
        USBCBErrorHandler   0x001b8c    program     extern C:\temp2\RemoconServant212_ex\main.c
              USBCBInitEP   0x001b94    program     extern C:\temp2\RemoconServant212_ex\main.c
          USBCBSendResume   0x001bb8    program     extern C:\temp2\RemoconServant212_ex\main.c
    USBCBStdSetDscHandler   0x001b92    program     extern C:\temp2\RemoconServant212_ex\main.c
             USBCBSuspend   0x001b86    program     extern C:\temp2\RemoconServant212_ex\main.c
     USBCBWakeFromSuspend   0x001b88    program     extern C:\temp2\RemoconServant212_ex\main.c
        USBCB_SOF_Handler   0x001b8a    program     extern C:\temp2\RemoconServant212_ex\main.c
              USBCancelIO   0x00365c    program     extern C:\temp2\RemoconServant212_ex\Microchip\USB\usb_device.c
       USBCheckHIDRequest   0x003a8e    program     extern C:\temp2\RemoconServant212_ex\Microchip\USB\HID Device Driver\usb_function_hid.c
       USBCheckStdRequest   0x00300a    program     static C:\temp2\RemoconServant212_ex\Microchip\USB\usb_device.c
     USBConfigureEndpoint   0x00352e    program     static C:\temp2\RemoconServant212_ex\Microchip\USB\usb_device.c
  USBCtrlEPAllowDataStage   0x003202    program     extern C:\temp2\RemoconServant212_ex\Microchip\USB\usb_device.c
USBCtrlEPAllowStatusStage   0x0031b8    program     extern C:\temp2\RemoconServant212_ex\Microchip\USB\usb_device.c
         USBCtrlEPService   0x002ea0    program     static C:\temp2\RemoconServant212_ex\Microchip\USB\usb_device.c
 USBCtrlEPServiceComplete   0x003328    program     static C:\temp2\RemoconServant212_ex\Microchip\USB\usb_device.c
      USBCtrlTrfInHandler   0x002f8e    program     static C:\temp2\RemoconServant212_ex\Microchip\USB\usb_device.c
     USBCtrlTrfOutHandler   0x002f70    program     static C:\temp2\RemoconServant212_ex\Microchip\USB\usb_device.c
      USBCtrlTrfRxService   0x003400    program     static C:\temp2\RemoconServant212_ex\Microchip\USB\usb_device.c
   USBCtrlTrfSetupHandler   0x002f36    program     static C:\temp2\RemoconServant212_ex\Microchip\USB\usb_device.c
      USBCtrlTrfTxService   0x003382    program     static C:\temp2\RemoconServant212_ex\Microchip\USB\usb_device.c
            USBDeviceInit   0x002c64    program     extern C:\temp2\RemoconServant212_ex\Microchip\USB\usb_device.c
           USBDeviceTasks   0x002d1c    program     extern C:\temp2\RemoconServant212_ex\Microchip\USB\usb_device.c
        USBEnableEndpoint   0x003588    program     extern C:\temp2\RemoconServant212_ex\Microchip\USB\usb_device.c
         USBStallEndpoint   0x0035c4    program     extern C:\temp2\RemoconServant212_ex\Microchip\USB\usb_device.c
          USBStallHandler   0x002e46    program     static C:\temp2\RemoconServant212_ex\Microchip\USB\usb_device.c
  USBStdFeatureReqHandler   0x0030b2    program     static C:\temp2\RemoconServant212_ex\Microchip\USB\usb_device.c
      USBStdGetDscHandler   0x00323c    program     static C:\temp2\RemoconServant212_ex\Microchip\USB\usb_device.c
   USBStdGetStatusHandler   0x0032b6    program     static C:\temp2\RemoconServant212_ex\Microchip\USB\usb_device.c
      USBStdSetCfgHandler   0x0034c8    program     static C:\temp2\RemoconServant212_ex\Microchip\USB\usb_device.c
               USBSuspend   0x002e6e    program     static C:\temp2\RemoconServant212_ex\Microchip\USB\usb_device.c
     USBTransferOnePacket   0x0035e8    program     extern C:\temp2\RemoconServant212_ex\Microchip\USB\usb_device.c
       USBWakeFromSuspend   0x002e84    program     static C:\temp2\RemoconServant212_ex\Microchip\USB\usb_device.c
               USB_CD_Ptr   0x003a86    program     extern C:\temp2\RemoconServant212_ex\usb_descriptors.c
               USB_SD_Ptr   0x003a88    program     extern C:\temp2\RemoconServant212_ex\usb_descriptors.c
USER_USB_CALLBACK_EVENT_HANDLER   0x001bd4    program     extern C:\temp2\RemoconServant212_ex\main.c
                 UserInit   0x0011b6    program     extern C:\temp2\RemoconServant212_ex\main.c
              WriteEEPROM   0x003d54    program     extern C:\temp2\RemoconServant212_ex\eeprom.c
              WriteTimer0   0x003d86    program     extern E:\3.46\pic18-lt\cxx-framework\src\pmc_common\Timers\t0write.c
  YourHighPriorityISRCode   0x00102c    program     extern C:\temp2\RemoconServant212_ex\main.c
   YourLowPriorityISRCode   0x00103a    program     extern C:\temp2\RemoconServant212_ex\main.c
              _2jContinue   0x003ccc    program     static E:\3.46\pic18-lt\cxx-framework\src\traditional\stdclib\memset.asm
                   _3jEnd   0x003cd6    program     static E:\3.46\pic18-lt\cxx-framework\src\traditional\stdclib\memset.asm
     ___case_114_lbl00216   0x001c58    program     static                          
     ___case_115_lbl00212   0x001c48    program     static                          
     ___case_116_lbl00214   0x001c50    program     static                          
     ___case_117_lbl00213   0x001c4c    program     static                          
       ___case_1_lbl00209   0x001c3c    program     static                          
       ___case_2_lbl00210   0x001c40    program     static                          
   ___case_32767_lbl00215   0x001c54    program     static                          
       ___case_3_lbl00211   0x001c44    program     static                          
      ___default_lbl00217   0x001c5c    program     static                          
       ___return_lbl00000   0x001004    program     static                          
       ___return_lbl00000   0x003e56    program     static                          
       ___return_lbl00000   0x000004    program     static                          
       ___return_lbl00001   0x003e92    program     static                          
       ___return_lbl00001   0x00100c    program     static                          
       ___return_lbl00002   0x003c4c    program     static                          
       ___return_lbl00002   0x00101c    program     static                          
       ___return_lbl00003   0x00000c    program     static                          
       ___return_lbl00004   0x00001c    program     static                          
       ___return_lbl00207   0x001c62    program     static                          
   ___switchexit_lbl00208   0x001c5e    program     static                          
               __config_0   0x300000    program     static C:\temp2\RemoconServant212_ex\main.c
               __config_1   0x300001    program     static C:\temp2\RemoconServant212_ex\main.c
              __config_10   0x30000c    program     static C:\temp2\RemoconServant212_ex\main.c
              __config_11   0x30000d    program     static C:\temp2\RemoconServant212_ex\main.c
               __config_2   0x300002    program     static C:\temp2\RemoconServant212_ex\main.c
               __config_3   0x300003    program     static C:\temp2\RemoconServant212_ex\main.c
               __config_4   0x300005    program     static C:\temp2\RemoconServant212_ex\main.c
               __config_5   0x300006    program     static C:\temp2\RemoconServant212_ex\main.c
               __config_6   0x300008    program     static C:\temp2\RemoconServant212_ex\main.c
               __config_7   0x300009    program     static C:\temp2\RemoconServant212_ex\main.c
               __config_8   0x30000a    program     static C:\temp2\RemoconServant212_ex\main.c
               __config_9   0x30000b    program     static C:\temp2\RemoconServant212_ex\main.c
                   __init   0x001006    program     extern E:\3.46\pic18-lt\cxx-framework\src\traditional\stdclib\__init.c
                   __pa_0   0x002718    program     static C:\temp2\RemoconServant212_ex\main.c
                   __pa_0   0x003688    program     static C:\temp2\RemoconServant212_ex\Microchip\USB\usb_device.c
                   __pa_0   0x003d76    program     static C:\temp2\RemoconServant212_ex\eeprom.c
                   __pa_1   0x00272e    program     static C:\temp2\RemoconServant212_ex\main.c
                   __pa_1   0x003690    program     static C:\temp2\RemoconServant212_ex\Microchip\USB\usb_device.c
                  __pa_10   0x0027ea    program     static C:\temp2\RemoconServant212_ex\main.c
                  __pa_10   0x0036ee    program     static C:\temp2\RemoconServant212_ex\Microchip\USB\usb_device.c
                 __pa_100   0x002c5c    program     static C:\temp2\RemoconServant212_ex\main.c
                  __pa_11   0x003702    program     static C:\temp2\RemoconServant212_ex\Microchip\USB\usb_device.c
                  __pa_11   0x0027f8    program     static C:\temp2\RemoconServant212_ex\main.c
                  __pa_12   0x00370c    program     static C:\temp2\RemoconServant212_ex\Microchip\USB\usb_device.c
                  __pa_12   0x002838    program     static C:\temp2\RemoconServant212_ex\main.c
                  __pa_13   0x00372c    program     static C:\temp2\RemoconServant212_ex\Microchip\USB\usb_device.c
                  __pa_13   0x002846    program     static C:\temp2\RemoconServant212_ex\main.c
                  __pa_14   0x002854    program     static C:\temp2\RemoconServant212_ex\main.c
                  __pa_14   0x00373e    program     static C:\temp2\RemoconServant212_ex\Microchip\USB\usb_device.c
                  __pa_15   0x00286c    program     static C:\temp2\RemoconServant212_ex\main.c
                  __pa_15   0x00374a    program     static C:\temp2\RemoconServant212_ex\Microchip\USB\usb_device.c
                  __pa_16   0x002872    program     static C:\temp2\RemoconServant212_ex\main.c
                  __pa_16   0x003764    program     static C:\temp2\RemoconServant212_ex\Microchip\USB\usb_device.c
                  __pa_17   0x002882    program     static C:\temp2\RemoconServant212_ex\main.c
                  __pa_17   0x003770    program     static C:\temp2\RemoconServant212_ex\Microchip\USB\usb_device.c
                  __pa_18   0x002894    program     static C:\temp2\RemoconServant212_ex\main.c
                  __pa_18   0x00377c    program     static C:\temp2\RemoconServant212_ex\Microchip\USB\usb_device.c
                  __pa_19   0x0028a6    program     static C:\temp2\RemoconServant212_ex\main.c
                  __pa_19   0x003784    program     static C:\temp2\RemoconServant212_ex\Microchip\USB\usb_device.c
                   __pa_2   0x00369a    program     static C:\temp2\RemoconServant212_ex\Microchip\USB\usb_device.c
                   __pa_2   0x00273c    program     static C:\temp2\RemoconServant212_ex\main.c
                  __pa_20   0x00378c    program     static C:\temp2\RemoconServant212_ex\Microchip\USB\usb_device.c
                  __pa_20   0x0028b6    program     static C:\temp2\RemoconServant212_ex\main.c
                  __pa_21   0x003798    program     static C:\temp2\RemoconServant212_ex\Microchip\USB\usb_device.c
                  __pa_21   0x0028c2    program     static C:\temp2\RemoconServant212_ex\main.c
                  __pa_22   0x0037a8    program     static C:\temp2\RemoconServant212_ex\Microchip\USB\usb_device.c
                  __pa_22   0x0028cc    program     static C:\temp2\RemoconServant212_ex\main.c
                  __pa_23   0x0037b8    program     static C:\temp2\RemoconServant212_ex\Microchip\USB\usb_device.c
                  __pa_23   0x0028da    program     static C:\temp2\RemoconServant212_ex\main.c
                  __pa_24   0x0037c8    program     static C:\temp2\RemoconServant212_ex\Microchip\USB\usb_device.c
                  __pa_24   0x0028f2    program     static C:\temp2\RemoconServant212_ex\main.c
                  __pa_25   0x0037d6    program     static C:\temp2\RemoconServant212_ex\Microchip\USB\usb_device.c
                  __pa_25   0x002910    program     static C:\temp2\RemoconServant212_ex\main.c
                  __pa_26   0x0037e4    program     static C:\temp2\RemoconServant212_ex\Microchip\USB\usb_device.c
                  __pa_26   0x00291a    program     static C:\temp2\RemoconServant212_ex\main.c
                  __pa_27   0x0037f2    program     static C:\temp2\RemoconServant212_ex\Microchip\USB\usb_device.c
                  __pa_27   0x00292a    program     static C:\temp2\RemoconServant212_ex\main.c
                  __pa_28   0x003800    program     static C:\temp2\RemoconServant212_ex\Microchip\USB\usb_device.c
                  __pa_28   0x00293a    program     static C:\temp2\RemoconServant212_ex\main.c
                  __pa_29   0x00380e    program     static C:\temp2\RemoconServant212_ex\Microchip\USB\usb_device.c
                  __pa_29   0x002946    program     static C:\temp2\RemoconServant212_ex\main.c
                   __pa_3   0x00274a    program     static C:\temp2\RemoconServant212_ex\main.c
                   __pa_3   0x0036a2    program     static C:\temp2\RemoconServant212_ex\Microchip\USB\usb_device.c
                  __pa_30   0x002954    program     static C:\temp2\RemoconServant212_ex\main.c
                  __pa_30   0x003818    program     static C:\temp2\RemoconServant212_ex\Microchip\USB\usb_device.c
                  __pa_31   0x002960    program     static C:\temp2\RemoconServant212_ex\main.c
                  __pa_31   0x003830    program     static C:\temp2\RemoconServant212_ex\Microchip\USB\usb_device.c
                  __pa_32   0x00383c    program     static C:\temp2\RemoconServant212_ex\Microchip\USB\usb_device.c
                  __pa_32   0x002976    program     static C:\temp2\RemoconServant212_ex\main.c
                  __pa_33   0x003844    program     static C:\temp2\RemoconServant212_ex\Microchip\USB\usb_device.c
                  __pa_33   0x002986    program     static C:\temp2\RemoconServant212_ex\main.c
                  __pa_34   0x003858    program     static C:\temp2\RemoconServant212_ex\Microchip\USB\usb_device.c
                  __pa_34   0x002996    program     static C:\temp2\RemoconServant212_ex\main.c
                  __pa_35   0x003866    program     static C:\temp2\RemoconServant212_ex\Microchip\USB\usb_device.c
                  __pa_35   0x0029ae    program     static C:\temp2\RemoconServant212_ex\main.c
                  __pa_36   0x003870    program     static C:\temp2\RemoconServant212_ex\Microchip\USB\usb_device.c
                  __pa_36   0x0029b8    program     static C:\temp2\RemoconServant212_ex\main.c
                  __pa_37   0x0029c2    program     static C:\temp2\RemoconServant212_ex\main.c
                  __pa_37   0x00387a    program     static C:\temp2\RemoconServant212_ex\Microchip\USB\usb_device.c
                  __pa_38   0x003880    program     static C:\temp2\RemoconServant212_ex\Microchip\USB\usb_device.c
                  __pa_38   0x0029cc    program     static C:\temp2\RemoconServant212_ex\main.c
                  __pa_39   0x003890    program     static C:\temp2\RemoconServant212_ex\Microchip\USB\usb_device.c
                  __pa_39   0x0029d6    program     static C:\temp2\RemoconServant212_ex\main.c
                   __pa_4   0x002754    program     static C:\temp2\RemoconServant212_ex\main.c
                   __pa_4   0x0036ac    program     static C:\temp2\RemoconServant212_ex\Microchip\USB\usb_device.c
                  __pa_40   0x003896    program     static C:\temp2\RemoconServant212_ex\Microchip\USB\usb_device.c
                  __pa_40   0x0029de    program     static C:\temp2\RemoconServant212_ex\main.c
                  __pa_41   0x0029e6    program     static C:\temp2\RemoconServant212_ex\main.c
                  __pa_41   0x0038a4    program     static C:\temp2\RemoconServant212_ex\Microchip\USB\usb_device.c
                  __pa_42   0x0029ee    program     static C:\temp2\RemoconServant212_ex\main.c
                  __pa_42   0x0038b2    program     static C:\temp2\RemoconServant212_ex\Microchip\USB\usb_device.c
                  __pa_43   0x0029fc    program     static C:\temp2\RemoconServant212_ex\main.c
                  __pa_43   0x0038c0    program     static C:\temp2\RemoconServant212_ex\Microchip\USB\usb_device.c
                  __pa_44   0x002a04    program     static C:\temp2\RemoconServant212_ex\main.c
                  __pa_44   0x0038ca    program     static C:\temp2\RemoconServant212_ex\Microchip\USB\usb_device.c
                  __pa_45   0x0038d4    program     static C:\temp2\RemoconServant212_ex\Microchip\USB\usb_device.c
                  __pa_45   0x002a10    program     static C:\temp2\RemoconServant212_ex\main.c
                  __pa_46   0x002a1c    program     static C:\temp2\RemoconServant212_ex\main.c
                  __pa_46   0x0038dc    program     static C:\temp2\RemoconServant212_ex\Microchip\USB\usb_device.c
                  __pa_47   0x002a28    program     static C:\temp2\RemoconServant212_ex\main.c
                  __pa_47   0x0038e4    program     static C:\temp2\RemoconServant212_ex\Microchip\USB\usb_device.c
                  __pa_48   0x0038f0    program     static C:\temp2\RemoconServant212_ex\Microchip\USB\usb_device.c
                  __pa_48   0x002a34    program     static C:\temp2\RemoconServant212_ex\main.c
                  __pa_49   0x0038fa    program     static C:\temp2\RemoconServant212_ex\Microchip\USB\usb_device.c
                  __pa_49   0x002a40    program     static C:\temp2\RemoconServant212_ex\main.c
                   __pa_5   0x0036b6    program     static C:\temp2\RemoconServant212_ex\Microchip\USB\usb_device.c
                   __pa_5   0x00275c    program     static C:\temp2\RemoconServant212_ex\main.c
                  __pa_50   0x002a46    program     static C:\temp2\RemoconServant212_ex\main.c
                  __pa_51   0x002a4c    program     static C:\temp2\RemoconServant212_ex\main.c
                  __pa_52   0x002a5c    program     static C:\temp2\RemoconServant212_ex\main.c
                  __pa_53   0x002a66    program     static C:\temp2\RemoconServant212_ex\main.c
                  __pa_54   0x002a76    program     static C:\temp2\RemoconServant212_ex\main.c
                  __pa_55   0x002a80    program     static C:\temp2\RemoconServant212_ex\main.c
                  __pa_56   0x002a8c    program     static C:\temp2\RemoconServant212_ex\main.c
                  __pa_57   0x002a9c    program     static C:\temp2\RemoconServant212_ex\main.c
                  __pa_58   0x002aaa    program     static C:\temp2\RemoconServant212_ex\main.c
                  __pa_59   0x002ab8    program     static C:\temp2\RemoconServant212_ex\main.c
                   __pa_6   0x0036c0    program     static C:\temp2\RemoconServant212_ex\Microchip\USB\usb_device.c
                   __pa_6   0x002772    program     static C:\temp2\RemoconServant212_ex\main.c
                  __pa_60   0x002ac6    program     static C:\temp2\RemoconServant212_ex\main.c
                  __pa_61   0x002ad0    program     static C:\temp2\RemoconServant212_ex\main.c
                  __pa_62   0x002ad6    program     static C:\temp2\RemoconServant212_ex\main.c
                  __pa_63   0x002ae0    program     static C:\temp2\RemoconServant212_ex\main.c
                  __pa_64   0x002aea    program     static C:\temp2\RemoconServant212_ex\main.c
                  __pa_65   0x002af4    program     static C:\temp2\RemoconServant212_ex\main.c
                  __pa_66   0x002afc    program     static C:\temp2\RemoconServant212_ex\main.c
                  __pa_67   0x002b0a    program     static C:\temp2\RemoconServant212_ex\main.c
                  __pa_68   0x002b1e    program     static C:\temp2\RemoconServant212_ex\main.c
                  __pa_69   0x002b2c    program     static C:\temp2\RemoconServant212_ex\main.c
                   __pa_7   0x0036c8    program     static C:\temp2\RemoconServant212_ex\Microchip\USB\usb_device.c
                   __pa_7   0x002782    program     static C:\temp2\RemoconServant212_ex\main.c
                  __pa_70   0x002b36    program     static C:\temp2\RemoconServant212_ex\main.c
                  __pa_71   0x002b3e    program     static C:\temp2\RemoconServant212_ex\main.c
                  __pa_72   0x002b46    program     static C:\temp2\RemoconServant212_ex\main.c
                  __pa_73   0x002b58    program     static C:\temp2\RemoconServant212_ex\main.c
                  __pa_74   0x002b66    program     static C:\temp2\RemoconServant212_ex\main.c
                  __pa_75   0x002b70    program     static C:\temp2\RemoconServant212_ex\main.c
                  __pa_76   0x002b7c    program     static C:\temp2\RemoconServant212_ex\main.c
                  __pa_77   0x002b82    program     static C:\temp2\RemoconServant212_ex\main.c
                  __pa_78   0x002b88    program     static C:\temp2\RemoconServant212_ex\main.c
                  __pa_79   0x002b92    program     static C:\temp2\RemoconServant212_ex\main.c
                   __pa_8   0x0036d8    program     static C:\temp2\RemoconServant212_ex\Microchip\USB\usb_device.c
                   __pa_8   0x002796    program     static C:\temp2\RemoconServant212_ex\main.c
                  __pa_80   0x002b98    program     static C:\temp2\RemoconServant212_ex\main.c
                  __pa_81   0x002ba2    program     static C:\temp2\RemoconServant212_ex\main.c
                  __pa_82   0x002bae    program     static C:\temp2\RemoconServant212_ex\main.c
                  __pa_83   0x002bba    program     static C:\temp2\RemoconServant212_ex\main.c
                  __pa_84   0x002bc6    program     static C:\temp2\RemoconServant212_ex\main.c
                  __pa_85   0x002bd2    program     static C:\temp2\RemoconServant212_ex\main.c
                  __pa_86   0x002bda    program     static C:\temp2\RemoconServant212_ex\main.c
                  __pa_87   0x002be4    program     static C:\temp2\RemoconServant212_ex\main.c
                  __pa_88   0x002bea    program     static C:\temp2\RemoconServant212_ex\main.c
                  __pa_89   0x002bf0    program     static C:\temp2\RemoconServant212_ex\main.c
                   __pa_9   0x0027e0    program     static C:\temp2\RemoconServant212_ex\main.c
                   __pa_9   0x0036e2    program     static C:\temp2\RemoconServant212_ex\Microchip\USB\usb_device.c
                  __pa_90   0x002bf6    program     static C:\temp2\RemoconServant212_ex\main.c
                  __pa_91   0x002bfc    program     static C:\temp2\RemoconServant212_ex\main.c
                  __pa_92   0x002c04    program     static C:\temp2\RemoconServant212_ex\main.c
                  __pa_93   0x002c0a    program     static C:\temp2\RemoconServant212_ex\main.c
                  __pa_94   0x002c14    program     static C:\temp2\RemoconServant212_ex\main.c
                  __pa_95   0x002c1c    program     static C:\temp2\RemoconServant212_ex\main.c
                  __pa_96   0x002c2c    program     static C:\temp2\RemoconServant212_ex\main.c
                  __pa_97   0x002c3a    program     static C:\temp2\RemoconServant212_ex\main.c
                  __pa_98   0x002c48    program     static C:\temp2\RemoconServant212_ex\main.c
                  __pa_99   0x002c52    program     static C:\temp2\RemoconServant212_ex\main.c
             __tmplbl_131   0x0029ae    program     static                          
             __tmplbl_133   0x001b78    program     static                          
             __tmplbl_134   0x001b78    program     static                          
             __tmplbl_164   0x0029ae    program     static                          
              __tmplbl_17   0x001bf0    program     static                          
             __tmplbl_173   0x0029ae    program     static                          
              __tmplbl_18   0x001bfc    program     static                          
              __tmplbl_19   0x001c06    program     static                          
              __tmplbl_20   0x001c10    program     static                          
              __tmplbl_21   0x001c1a    program     static                          
              __tmplbl_22   0x001c24    program     static                          
              __tmplbl_23   0x001c2e    program     static                          
              __tmplbl_23   0x0036c0    program     static                          
              __tmplbl_24   0x001c38    program     static                          
              __tmplbl_33   0x0036c0    program     static                          
            __zero_memory   0x003e58    program     extern E:\3.46\pic18-lt\cxx-framework\src\traditional\proc\p18f14k50.asm
                _do_cinit   0x003bb0    program     extern E:\3.46\pic18-lt\cxx-framework\src\traditional\startup\c018i.c
                   _entry   0x000000    program     extern E:\3.46\pic18-lt\cxx-framework\src\traditional\startup\c018i.c
                   _reset   0x001000    program     extern C:\temp2\RemoconServant212_ex\main.c
                 _startup   0x003e78    program     extern E:\3.46\pic18-lt\cxx-framework\src\traditional\startup\c018i.c
                compare_l   0x003e6e    program     static E:\3.46\pic18-lt\cxx-framework\src\traditional\proc\p18f14k50.asm
        configDescriptor1   0x003914    program     extern C:\temp2\RemoconServant212_ex\usb_descriptors.c
                copy_loop   0x003c22    program     static                          
            copy_one_byte   0x003c28    program     static                          
               device_dsc   0x003902    program     extern C:\temp2\RemoconServant212_ex\usb_descriptors.c
                     done   0x003c4c    program     static                          
             done_copying   0x003c36    program     static                          
                  endloop   0x003e52    program     static                          
                hid_rpt01   0x00398f    program     extern C:\temp2\RemoconServant212_ex\usb_descriptors.c
                hid_rpt02   0x0039c3    program     extern C:\temp2\RemoconServant212_ex\usb_descriptors.c
                hid_rpt03   0x0039e2    program     extern C:\temp2\RemoconServant212_ex\usb_descriptors.c
                hid_rpt04   0x003a21    program     extern C:\temp2\RemoconServant212_ex\usb_descriptors.c
                     jEnd   0x003cde    program     static E:\3.46\pic18-lt\cxx-framework\src\traditional\stdclib\memset.asm
                     jEnd   0x003cfa    program     static E:\3.46\pic18-lt\cxx-framework\src\traditional\stdclib\strlen.asm
                    jLoop   0x003cc0    program     static E:\3.46\pic18-lt\cxx-framework\src\traditional\stdclib\memset.asm
                    jLoop   0x003cf0    program     static E:\3.46\pic18-lt\cxx-framework\src\traditional\stdclib\strlen.asm
                     loop   0x003e36    program     static                          
                     loop   0x003e88    program     static                          
                   loop_h   0x003e66    program     static E:\3.46\pic18-lt\cxx-framework\src\traditional\proc\p18f14k50.asm
                   loop_l   0x003e70    program     static E:\3.46\pic18-lt\cxx-framework\src\traditional\proc\p18f14k50.asm
                     main   0x001104    program     extern C:\temp2\RemoconServant212_ex\main.c
                   memset   0x003cac    program     extern E:\3.46\pic18-lt\cxx-framework\src\traditional\stdclib\memset.asm
                    sd000   0x003a3e    program     extern C:\temp2\RemoconServant212_ex\usb_descriptors.c
                    sd001   0x003a42    program     extern C:\temp2\RemoconServant212_ex\usb_descriptors.c
                    sd002   0x003a68    program     extern C:\temp2\RemoconServant212_ex\usb_descriptors.c
                   strlen   0x003ce0    program     extern E:\3.46\pic18-lt\cxx-framework\src\traditional\stdclib\strlen.asm
                     test   0x003bca    program     static                          
               zero_block   0x003e66    program     static E:\3.46\pic18-lt\cxx-framework\src\traditional\proc\p18f14k50.asm
                   ADCON0   0x000fc2       data     extern E:\3.46\pic18-lt\cxx-framework\src\traditional\proc\p18f14k50.asm
               ADCON0bits   0x000fc2       data     extern E:\3.46\pic18-lt\cxx-framework\src\traditional\proc\p18f14k50.asm
                   ADCON1   0x000fc1       data     extern E:\3.46\pic18-lt\cxx-framework\src\traditional\proc\p18f14k50.asm
               ADCON1bits   0x000fc1       data     extern E:\3.46\pic18-lt\cxx-framework\src\traditional\proc\p18f14k50.asm
                   ADCON2   0x000fc0       data     extern E:\3.46\pic18-lt\cxx-framework\src\traditional\proc\p18f14k50.asm
               ADCON2bits   0x000fc0       data     extern E:\3.46\pic18-lt\cxx-framework\src\traditional\proc\p18f14k50.asm
                    ADRES   0x000fc3       data     extern E:\3.46\pic18-lt\cxx-framework\src\traditional\proc\p18f14k50.asm
                   ADRESH   0x000fc4       data     extern E:\3.46\pic18-lt\cxx-framework\src\traditional\proc\p18f14k50.asm
                   ADRESL   0x000fc3       data     extern E:\3.46\pic18-lt\cxx-framework\src\traditional\proc\p18f14k50.asm
                    ANSEL   0x000f7e       data     extern E:\3.46\pic18-lt\cxx-framework\src\traditional\proc\p18f14k50.asm
                   ANSELH   0x000f7f       data     extern E:\3.46\pic18-lt\cxx-framework\src\traditional\proc\p18f14k50.asm
               ANSELHbits   0x000f7f       data     extern E:\3.46\pic18-lt\cxx-framework\src\traditional\proc\p18f14k50.asm
                ANSELbits   0x000f7e       data     extern E:\3.46\pic18-lt\cxx-framework\src\traditional\proc\p18f14k50.asm
                  BAUDCON   0x000fb8       data     extern E:\3.46\pic18-lt\cxx-framework\src\traditional\proc\p18f14k50.asm
              BAUDCONbits   0x000fb8       data     extern E:\3.46\pic18-lt\cxx-framework\src\traditional\proc\p18f14k50.asm
                  BAUDCTL   0x000fb8       data     extern E:\3.46\pic18-lt\cxx-framework\src\traditional\proc\p18f14k50.asm
              BAUDCTLbits   0x000fb8       data     extern E:\3.46\pic18-lt\cxx-framework\src\traditional\proc\p18f14k50.asm
                      BDT   0x000200       data     extern C:\temp2\RemoconServant212_ex\Microchip\USB\usb_device.c
                      BSR   0x000fe0       data     extern E:\3.46\pic18-lt\cxx-framework\src\traditional\proc\p18f14k50.asm
       BothEP0OutUOWNsSet   0x0001e1       data     extern C:\temp2\RemoconServant212_ex\Microchip\USB\usb_device.c
                  CCP1CON   0x000fbd       data     extern E:\3.46\pic18-lt\cxx-framework\src\traditional\proc\p18f14k50.asm
              CCP1CONbits   0x000fbd       data     extern E:\3.46\pic18-lt\cxx-framework\src\traditional\proc\p18f14k50.asm
                    CCPR1   0x000fbe       data     extern E:\3.46\pic18-lt\cxx-framework\src\traditional\proc\p18f14k50.asm
                   CCPR1H   0x000fbf       data     extern E:\3.46\pic18-lt\cxx-framework\src\traditional\proc\p18f14k50.asm
                   CCPR1L   0x000fbe       data     extern E:\3.46\pic18-lt\cxx-framework\src\traditional\proc\p18f14k50.asm
                  CM1CON0   0x000f6d       data     extern E:\3.46\pic18-lt\cxx-framework\src\traditional\proc\p18f14k50.asm
              CM1CON0bits   0x000f6d       data     extern E:\3.46\pic18-lt\cxx-framework\src\traditional\proc\p18f14k50.asm
                  CM2CON0   0x000f6b       data     extern E:\3.46\pic18-lt\cxx-framework\src\traditional\proc\p18f14k50.asm
              CM2CON0bits   0x000f6b       data     extern E:\3.46\pic18-lt\cxx-framework\src\traditional\proc\p18f14k50.asm
                  CM2CON1   0x000f6c       data     extern E:\3.46\pic18-lt\cxx-framework\src\traditional\proc\p18f14k50.asm
              CM2CON1bits   0x000f6c       data     extern E:\3.46\pic18-lt\cxx-framework\src\traditional\proc\p18f14k50.asm
              CtrlTrfData   0x000258       data     extern C:\temp2\RemoconServant212_ex\Microchip\USB\usb_device.c
                     DDRA   0x000f92       data     extern E:\3.46\pic18-lt\cxx-framework\src\traditional\proc\p18f14k50.asm
                 DDRAbits   0x000f92       data     extern E:\3.46\pic18-lt\cxx-framework\src\traditional\proc\p18f14k50.asm
                     DDRB   0x000f93       data     extern E:\3.46\pic18-lt\cxx-framework\src\traditional\proc\p18f14k50.asm
                 DDRBbits   0x000f93       data     extern E:\3.46\pic18-lt\cxx-framework\src\traditional\proc\p18f14k50.asm
                     DDRC   0x000f94       data     extern E:\3.46\pic18-lt\cxx-framework\src\traditional\proc\p18f14k50.asm
                 DDRCbits   0x000f94       data     extern E:\3.46\pic18-lt\cxx-framework\src\traditional\proc\p18f14k50.asm
                  ECCP1AS   0x000fb6       data     extern E:\3.46\pic18-lt\cxx-framework\src\traditional\proc\p18f14k50.asm
              ECCP1ASbits   0x000fb6       data     extern E:\3.46\pic18-lt\cxx-framework\src\traditional\proc\p18f14k50.asm
                    EEADR   0x000fa9       data     extern E:\3.46\pic18-lt\cxx-framework\src\traditional\proc\p18f14k50.asm
                EEADRbits   0x000fa9       data     extern E:\3.46\pic18-lt\cxx-framework\src\traditional\proc\p18f14k50.asm
                   EECON1   0x000fa6       data     extern E:\3.46\pic18-lt\cxx-framework\src\traditional\proc\p18f14k50.asm
               EECON1bits   0x000fa6       data     extern E:\3.46\pic18-lt\cxx-framework\src\traditional\proc\p18f14k50.asm
                   EECON2   0x000fa7       data     extern E:\3.46\pic18-lt\cxx-framework\src\traditional\proc\p18f14k50.asm
                   EEDATA   0x000fa8       data     extern E:\3.46\pic18-lt\cxx-framework\src\traditional\proc\p18f14k50.asm
                     FSR0   0x000fe9       data     extern E:\3.46\pic18-lt\cxx-framework\src\traditional\proc\p18f14k50.asm
                    FSR0H   0x000fea       data     extern E:\3.46\pic18-lt\cxx-framework\src\traditional\proc\p18f14k50.asm
                    FSR0L   0x000fe9       data     extern E:\3.46\pic18-lt\cxx-framework\src\traditional\proc\p18f14k50.asm
                     FSR1   0x000fe1       data     extern E:\3.46\pic18-lt\cxx-framework\src\traditional\proc\p18f14k50.asm
                    FSR1H   0x000fe2       data     extern E:\3.46\pic18-lt\cxx-framework\src\traditional\proc\p18f14k50.asm
                    FSR1L   0x000fe1       data     extern E:\3.46\pic18-lt\cxx-framework\src\traditional\proc\p18f14k50.asm
                     FSR2   0x000fd9       data     extern E:\3.46\pic18-lt\cxx-framework\src\traditional\proc\p18f14k50.asm
                    FSR2H   0x000fda       data     extern E:\3.46\pic18-lt\cxx-framework\src\traditional\proc\p18f14k50.asm
                    FSR2L   0x000fd9       data     extern E:\3.46\pic18-lt\cxx-framework\src\traditional\proc\p18f14k50.asm
                    INDF0   0x000fef       data     extern E:\3.46\pic18-lt\cxx-framework\src\traditional\proc\p18f14k50.asm
                    INDF1   0x000fe7       data     extern E:\3.46\pic18-lt\cxx-framework\src\traditional\proc\p18f14k50.asm
                    INDF2   0x000fdf       data     extern E:\3.46\pic18-lt\cxx-framework\src\traditional\proc\p18f14k50.asm
                   INTCON   0x000ff2       data     extern E:\3.46\pic18-lt\cxx-framework\src\traditional\proc\p18f14k50.asm
                  INTCON2   0x000ff1       data     extern E:\3.46\pic18-lt\cxx-framework\src\traditional\proc\p18f14k50.asm
              INTCON2bits   0x000ff1       data     extern E:\3.46\pic18-lt\cxx-framework\src\traditional\proc\p18f14k50.asm
                  INTCON3   0x000ff0       data     extern E:\3.46\pic18-lt\cxx-framework\src\traditional\proc\p18f14k50.asm
              INTCON3bits   0x000ff0       data     extern E:\3.46\pic18-lt\cxx-framework\src\traditional\proc\p18f14k50.asm
               INTCONbits   0x000ff2       data     extern E:\3.46\pic18-lt\cxx-framework\src\traditional\proc\p18f14k50.asm
                     IOCA   0x000f79       data     extern E:\3.46\pic18-lt\cxx-framework\src\traditional\proc\p18f14k50.asm
                 IOCAbits   0x000f79       data     extern E:\3.46\pic18-lt\cxx-framework\src\traditional\proc\p18f14k50.asm
                     IOCB   0x000f7a       data     extern E:\3.46\pic18-lt\cxx-framework\src\traditional\proc\p18f14k50.asm
                 IOCBbits   0x000f7a       data     extern E:\3.46\pic18-lt\cxx-framework\src\traditional\proc\p18f14k50.asm
                     IPR1   0x000f9f       data     extern E:\3.46\pic18-lt\cxx-framework\src\traditional\proc\p18f14k50.asm
                 IPR1bits   0x000f9f       data     extern E:\3.46\pic18-lt\cxx-framework\src\traditional\proc\p18f14k50.asm
                     IPR2   0x000fa2       data     extern E:\3.46\pic18-lt\cxx-framework\src\traditional\proc\p18f14k50.asm
                 IPR2bits   0x000fa2       data     extern E:\3.46\pic18-lt\cxx-framework\src\traditional\proc\p18f14k50.asm
                     LATA   0x000f89       data     extern E:\3.46\pic18-lt\cxx-framework\src\traditional\proc\p18f14k50.asm
                 LATAbits   0x000f89       data     extern E:\3.46\pic18-lt\cxx-framework\src\traditional\proc\p18f14k50.asm
                     LATB   0x000f8a       data     extern E:\3.46\pic18-lt\cxx-framework\src\traditional\proc\p18f14k50.asm
                 LATBbits   0x000f8a       data     extern E:\3.46\pic18-lt\cxx-framework\src\traditional\proc\p18f14k50.asm
                     LATC   0x000f8b       data     extern E:\3.46\pic18-lt\cxx-framework\src\traditional\proc\p18f14k50.asm
                 LATCbits   0x000f8b       data     extern E:\3.46\pic18-lt\cxx-framework\src\traditional\proc\p18f14k50.asm
                   OSCCON   0x000fd3       data     extern E:\3.46\pic18-lt\cxx-framework\src\traditional\proc\p18f14k50.asm
                  OSCCON2   0x000fd2       data     extern E:\3.46\pic18-lt\cxx-framework\src\traditional\proc\p18f14k50.asm
              OSCCON2bits   0x000fd2       data     extern E:\3.46\pic18-lt\cxx-framework\src\traditional\proc\p18f14k50.asm
               OSCCONbits   0x000fd3       data     extern E:\3.46\pic18-lt\cxx-framework\src\traditional\proc\p18f14k50.asm
                  OSCTUNE   0x000f9b       data     extern E:\3.46\pic18-lt\cxx-framework\src\traditional\proc\p18f14k50.asm
              OSCTUNEbits   0x000f9b       data     extern E:\3.46\pic18-lt\cxx-framework\src\traditional\proc\p18f14k50.asm
                       PC   0x000ff9       data     extern E:\3.46\pic18-lt\cxx-framework\src\traditional\proc\p18f14k50.asm
                      PCL   0x000ff9       data     extern E:\3.46\pic18-lt\cxx-framework\src\traditional\proc\p18f14k50.asm
                   PCLATH   0x000ffa       data     extern E:\3.46\pic18-lt\cxx-framework\src\traditional\proc\p18f14k50.asm
                   PCLATU   0x000ffb       data     extern E:\3.46\pic18-lt\cxx-framework\src\traditional\proc\p18f14k50.asm
                     PIE1   0x000f9d       data     extern E:\3.46\pic18-lt\cxx-framework\src\traditional\proc\p18f14k50.asm
                 PIE1bits   0x000f9d       data     extern E:\3.46\pic18-lt\cxx-framework\src\traditional\proc\p18f14k50.asm
                     PIE2   0x000fa0       data     extern E:\3.46\pic18-lt\cxx-framework\src\traditional\proc\p18f14k50.asm
                 PIE2bits   0x000fa0       data     extern E:\3.46\pic18-lt\cxx-framework\src\traditional\proc\p18f14k50.asm
                     PIR1   0x000f9e       data     extern E:\3.46\pic18-lt\cxx-framework\src\traditional\proc\p18f14k50.asm
                 PIR1bits   0x000f9e       data     extern E:\3.46\pic18-lt\cxx-framework\src\traditional\proc\p18f14k50.asm
                     PIR2   0x000fa1       data     extern E:\3.46\pic18-lt\cxx-framework\src\traditional\proc\p18f14k50.asm
                 PIR2bits   0x000fa1       data     extern E:\3.46\pic18-lt\cxx-framework\src\traditional\proc\p18f14k50.asm
                   PLUSW0   0x000feb       data     extern E:\3.46\pic18-lt\cxx-framework\src\traditional\proc\p18f14k50.asm
                   PLUSW1   0x000fe3       data     extern E:\3.46\pic18-lt\cxx-framework\src\traditional\proc\p18f14k50.asm
                   PLUSW2   0x000fdb       data     extern E:\3.46\pic18-lt\cxx-framework\src\traditional\proc\p18f14k50.asm
                    PORTA   0x000f80       data     extern E:\3.46\pic18-lt\cxx-framework\src\traditional\proc\p18f14k50.asm
                PORTAbits   0x000f80       data     extern E:\3.46\pic18-lt\cxx-framework\src\traditional\proc\p18f14k50.asm
                    PORTB   0x000f81       data     extern E:\3.46\pic18-lt\cxx-framework\src\traditional\proc\p18f14k50.asm
                PORTBbits   0x000f81       data     extern E:\3.46\pic18-lt\cxx-framework\src\traditional\proc\p18f14k50.asm
                    PORTC   0x000f82       data     extern E:\3.46\pic18-lt\cxx-framework\src\traditional\proc\p18f14k50.asm
                PORTCbits   0x000f82       data     extern E:\3.46\pic18-lt\cxx-framework\src\traditional\proc\p18f14k50.asm
                 POSTDEC0   0x000fed       data     extern E:\3.46\pic18-lt\cxx-framework\src\traditional\proc\p18f14k50.asm
                 POSTDEC1   0x000fe5       data     extern E:\3.46\pic18-lt\cxx-framework\src\traditional\proc\p18f14k50.asm
                 POSTDEC2   0x000fdd       data     extern E:\3.46\pic18-lt\cxx-framework\src\traditional\proc\p18f14k50.asm
                 POSTINC0   0x000fee       data     extern E:\3.46\pic18-lt\cxx-framework\src\traditional\proc\p18f14k50.asm
                 POSTINC1   0x000fe6       data     extern E:\3.46\pic18-lt\cxx-framework\src\traditional\proc\p18f14k50.asm
                 POSTINC2   0x000fde       data     extern E:\3.46\pic18-lt\cxx-framework\src\traditional\proc\p18f14k50.asm
                      PR2   0x000fcb       data     extern E:\3.46\pic18-lt\cxx-framework\src\traditional\proc\p18f14k50.asm
                  PREINC0   0x000fec       data     extern E:\3.46\pic18-lt\cxx-framework\src\traditional\proc\p18f14k50.asm
                  PREINC1   0x000fe4       data     extern E:\3.46\pic18-lt\cxx-framework\src\traditional\proc\p18f14k50.asm
                  PREINC2   0x000fdc       data     extern E:\3.46\pic18-lt\cxx-framework\src\traditional\proc\p18f14k50.asm
                     PROD   0x000ff3       data     extern E:\3.46\pic18-lt\cxx-framework\src\traditional\proc\p18f14k50.asm
                    PRODH   0x000ff4       data     extern E:\3.46\pic18-lt\cxx-framework\src\traditional\proc\p18f14k50.asm
                    PRODL   0x000ff3       data     extern E:\3.46\pic18-lt\cxx-framework\src\traditional\proc\p18f14k50.asm
                  PSTRCON   0x000fb9       data     extern E:\3.46\pic18-lt\cxx-framework\src\traditional\proc\p18f14k50.asm
              PSTRCONbits   0x000fb9       data     extern E:\3.46\pic18-lt\cxx-framework\src\traditional\proc\p18f14k50.asm
                  PWM1CON   0x000fb7       data     extern E:\3.46\pic18-lt\cxx-framework\src\traditional\proc\p18f14k50.asm
              PWM1CONbits   0x000fb7       data     extern E:\3.46\pic18-lt\cxx-framework\src\traditional\proc\p18f14k50.asm
                     RCON   0x000fd0       data     extern E:\3.46\pic18-lt\cxx-framework\src\traditional\proc\p18f14k50.asm
                 RCONbits   0x000fd0       data     extern E:\3.46\pic18-lt\cxx-framework\src\traditional\proc\p18f14k50.asm
                    RCREG   0x000fae       data     extern E:\3.46\pic18-lt\cxx-framework\src\traditional\proc\p18f14k50.asm
                    RCSTA   0x000fab       data     extern E:\3.46\pic18-lt\cxx-framework\src\traditional\proc\p18f14k50.asm
                RCSTAbits   0x000fab       data     extern E:\3.46\pic18-lt\cxx-framework\src\traditional\proc\p18f14k50.asm
                  REFCON0   0x000fba       data     extern E:\3.46\pic18-lt\cxx-framework\src\traditional\proc\p18f14k50.asm
              REFCON0bits   0x000fba       data     extern E:\3.46\pic18-lt\cxx-framework\src\traditional\proc\p18f14k50.asm
                  REFCON1   0x000fbb       data     extern E:\3.46\pic18-lt\cxx-framework\src\traditional\proc\p18f14k50.asm
              REFCON1bits   0x000fbb       data     extern E:\3.46\pic18-lt\cxx-framework\src\traditional\proc\p18f14k50.asm
                  REFCON2   0x000fbc       data     extern E:\3.46\pic18-lt\cxx-framework\src\traditional\proc\p18f14k50.asm
              REFCON2bits   0x000fbc       data     extern E:\3.46\pic18-lt\cxx-framework\src\traditional\proc\p18f14k50.asm
       ReceivedDataBuffer   0x000276       data     extern C:\temp2\RemoconServant212_ex\main.c
             RemoteWakeup   0x0001dd       data     extern C:\temp2\RemoconServant212_ex\Microchip\USB\usb_device.c
                     SIGN   0x00000e       data     extern E:\3.46\pic18-lt\cxx-framework\src\traditional\math\cmath18.asm
                   SLRCON   0x000f76       data     extern E:\3.46\pic18-lt\cxx-framework\src\traditional\proc\p18f14k50.asm
               SLRCONbits   0x000f76       data     extern E:\3.46\pic18-lt\cxx-framework\src\traditional\proc\p18f14k50.asm
                    SPBRG   0x000faf       data     extern E:\3.46\pic18-lt\cxx-framework\src\traditional\proc\p18f14k50.asm
                   SPBRGH   0x000fb0       data     extern E:\3.46\pic18-lt\cxx-framework\src\traditional\proc\p18f14k50.asm
                   SRCON0   0x000f68       data     extern E:\3.46\pic18-lt\cxx-framework\src\traditional\proc\p18f14k50.asm
               SRCON0bits   0x000f68       data     extern E:\3.46\pic18-lt\cxx-framework\src\traditional\proc\p18f14k50.asm
                   SRCON1   0x000f69       data     extern E:\3.46\pic18-lt\cxx-framework\src\traditional\proc\p18f14k50.asm
               SRCON1bits   0x000f69       data     extern E:\3.46\pic18-lt\cxx-framework\src\traditional\proc\p18f14k50.asm
                   SSPADD   0x000fc8       data     extern E:\3.46\pic18-lt\cxx-framework\src\traditional\proc\p18f14k50.asm
                   SSPBUF   0x000fc9       data     extern E:\3.46\pic18-lt\cxx-framework\src\traditional\proc\p18f14k50.asm
                  SSPCON1   0x000fc6       data     extern E:\3.46\pic18-lt\cxx-framework\src\traditional\proc\p18f14k50.asm
              SSPCON1bits   0x000fc6       data     extern E:\3.46\pic18-lt\cxx-framework\src\traditional\proc\p18f14k50.asm
                  SSPCON2   0x000fc5       data     extern E:\3.46\pic18-lt\cxx-framework\src\traditional\proc\p18f14k50.asm
              SSPCON2bits   0x000fc5       data     extern E:\3.46\pic18-lt\cxx-framework\src\traditional\proc\p18f14k50.asm
                   SSPMSK   0x000f6f       data     extern E:\3.46\pic18-lt\cxx-framework\src\traditional\proc\p18f14k50.asm
               SSPMSKbits   0x000f6f       data     extern E:\3.46\pic18-lt\cxx-framework\src\traditional\proc\p18f14k50.asm
                  SSPSTAT   0x000fc7       data     extern E:\3.46\pic18-lt\cxx-framework\src\traditional\proc\p18f14k50.asm
              SSPSTATbits   0x000fc7       data     extern E:\3.46\pic18-lt\cxx-framework\src\traditional\proc\p18f14k50.asm
                   STATUS   0x000fd8       data     extern E:\3.46\pic18-lt\cxx-framework\src\traditional\proc\p18f14k50.asm
               STATUSbits   0x000fd8       data     extern E:\3.46\pic18-lt\cxx-framework\src\traditional\proc\p18f14k50.asm
                   STKPTR   0x000ffc       data     extern E:\3.46\pic18-lt\cxx-framework\src\traditional\proc\p18f14k50.asm
               STKPTRbits   0x000ffc       data     extern E:\3.46\pic18-lt\cxx-framework\src\traditional\proc\p18f14k50.asm
                 SetupPkt   0x000250       data     extern C:\temp2\RemoconServant212_ex\Microchip\USB\usb_device.c
                    T0CON   0x000fd5       data     extern E:\3.46\pic18-lt\cxx-framework\src\traditional\proc\p18f14k50.asm
                T0CONbits   0x000fd5       data     extern E:\3.46\pic18-lt\cxx-framework\src\traditional\proc\p18f14k50.asm
                    T1CON   0x000fcd       data     extern E:\3.46\pic18-lt\cxx-framework\src\traditional\proc\p18f14k50.asm
                T1CONbits   0x000fcd       data     extern E:\3.46\pic18-lt\cxx-framework\src\traditional\proc\p18f14k50.asm
                    T2CON   0x000fca       data     extern E:\3.46\pic18-lt\cxx-framework\src\traditional\proc\p18f14k50.asm
                T2CONbits   0x000fca       data     extern E:\3.46\pic18-lt\cxx-framework\src\traditional\proc\p18f14k50.asm
                    T3CON   0x000fb1       data     extern E:\3.46\pic18-lt\cxx-framework\src\traditional\proc\p18f14k50.asm
                T3CONbits   0x000fb1       data     extern E:\3.46\pic18-lt\cxx-framework\src\traditional\proc\p18f14k50.asm
                   TABLAT   0x000ff5       data     extern E:\3.46\pic18-lt\cxx-framework\src\traditional\proc\p18f14k50.asm
                   TBLPTR   0x000ff6       data     extern E:\3.46\pic18-lt\cxx-framework\src\traditional\proc\p18f14k50.asm
                  TBLPTRH   0x000ff7       data     extern E:\3.46\pic18-lt\cxx-framework\src\traditional\proc\p18f14k50.asm
                  TBLPTRL   0x000ff6       data     extern E:\3.46\pic18-lt\cxx-framework\src\traditional\proc\p18f14k50.asm
                  TBLPTRU   0x000ff8       data     extern E:\3.46\pic18-lt\cxx-framework\src\traditional\proc\p18f14k50.asm
                    TMR0H   0x000fd7       data     extern E:\3.46\pic18-lt\cxx-framework\src\traditional\proc\p18f14k50.asm
                    TMR0L   0x000fd6       data     extern E:\3.46\pic18-lt\cxx-framework\src\traditional\proc\p18f14k50.asm
                    TMR1H   0x000fcf       data     extern E:\3.46\pic18-lt\cxx-framework\src\traditional\proc\p18f14k50.asm
                    TMR1L   0x000fce       data     extern E:\3.46\pic18-lt\cxx-framework\src\traditional\proc\p18f14k50.asm
                     TMR2   0x000fcc       data     extern E:\3.46\pic18-lt\cxx-framework\src\traditional\proc\p18f14k50.asm
                    TMR3H   0x000fb3       data     extern E:\3.46\pic18-lt\cxx-framework\src\traditional\proc\p18f14k50.asm
                    TMR3L   0x000fb2       data     extern E:\3.46\pic18-lt\cxx-framework\src\traditional\proc\p18f14k50.asm
                      TOS   0x000ffd       data     extern E:\3.46\pic18-lt\cxx-framework\src\traditional\proc\p18f14k50.asm
                     TOSH   0x000ffe       data     extern E:\3.46\pic18-lt\cxx-framework\src\traditional\proc\p18f14k50.asm
                     TOSL   0x000ffd       data     extern E:\3.46\pic18-lt\cxx-framework\src\traditional\proc\p18f14k50.asm
                     TOSU   0x000fff       data     extern E:\3.46\pic18-lt\cxx-framework\src\traditional\proc\p18f14k50.asm
                    TRISA   0x000f92       data     extern E:\3.46\pic18-lt\cxx-framework\src\traditional\proc\p18f14k50.asm
                TRISAbits   0x000f92       data     extern E:\3.46\pic18-lt\cxx-framework\src\traditional\proc\p18f14k50.asm
                    TRISB   0x000f93       data     extern E:\3.46\pic18-lt\cxx-framework\src\traditional\proc\p18f14k50.asm
                TRISBbits   0x000f93       data     extern E:\3.46\pic18-lt\cxx-framework\src\traditional\proc\p18f14k50.asm
                    TRISC   0x000f94       data     extern E:\3.46\pic18-lt\cxx-framework\src\traditional\proc\p18f14k50.asm
                TRISCbits   0x000f94       data     extern E:\3.46\pic18-lt\cxx-framework\src\traditional\proc\p18f14k50.asm
                    TXREG   0x000fad       data     extern E:\3.46\pic18-lt\cxx-framework\src\traditional\proc\p18f14k50.asm
                    TXSTA   0x000fac       data     extern E:\3.46\pic18-lt\cxx-framework\src\traditional\proc\p18f14k50.asm
                TXSTAbits   0x000fac       data     extern E:\3.46\pic18-lt\cxx-framework\src\traditional\proc\p18f14k50.asm
           TimerZeroCount   0x0000ee       data     extern C:\temp2\RemoconServant212_ex\main.c
         ToSendDataBuffer   0x0002b6       data     extern C:\temp2\RemoconServant212_ex\main.c
                    UADDR   0x000f5c       data     extern E:\3.46\pic18-lt\cxx-framework\src\traditional\proc\p18f14k50.asm
                UADDRbits   0x000f5c       data     extern E:\3.46\pic18-lt\cxx-framework\src\traditional\proc\p18f14k50.asm
                     UCFG   0x000f61       data     extern E:\3.46\pic18-lt\cxx-framework\src\traditional\proc\p18f14k50.asm
                 UCFGbits   0x000f61       data     extern E:\3.46\pic18-lt\cxx-framework\src\traditional\proc\p18f14k50.asm
                     UCON   0x000f64       data     extern E:\3.46\pic18-lt\cxx-framework\src\traditional\proc\p18f14k50.asm
                 UCONbits   0x000f64       data     extern E:\3.46\pic18-lt\cxx-framework\src\traditional\proc\p18f14k50.asm
                     UEIE   0x000f5b       data     extern E:\3.46\pic18-lt\cxx-framework\src\traditional\proc\p18f14k50.asm
                 UEIEbits   0x000f5b       data     extern E:\3.46\pic18-lt\cxx-framework\src\traditional\proc\p18f14k50.asm
                     UEIR   0x000f5f       data     extern E:\3.46\pic18-lt\cxx-framework\src\traditional\proc\p18f14k50.asm
                 UEIRbits   0x000f5f       data     extern E:\3.46\pic18-lt\cxx-framework\src\traditional\proc\p18f14k50.asm
                     UEP0   0x000f53       data     extern E:\3.46\pic18-lt\cxx-framework\src\traditional\proc\p18f14k50.asm
                 UEP0bits   0x000f53       data     extern E:\3.46\pic18-lt\cxx-framework\src\traditional\proc\p18f14k50.asm
                     UEP1   0x000f54       data     extern E:\3.46\pic18-lt\cxx-framework\src\traditional\proc\p18f14k50.asm
                 UEP1bits   0x000f54       data     extern E:\3.46\pic18-lt\cxx-framework\src\traditional\proc\p18f14k50.asm
                     UEP2   0x000f55       data     extern E:\3.46\pic18-lt\cxx-framework\src\traditional\proc\p18f14k50.asm
                 UEP2bits   0x000f55       data     extern E:\3.46\pic18-lt\cxx-framework\src\traditional\proc\p18f14k50.asm
                     UEP3   0x000f56       data     extern E:\3.46\pic18-lt\cxx-framework\src\traditional\proc\p18f14k50.asm
                 UEP3bits   0x000f56       data     extern E:\3.46\pic18-lt\cxx-framework\src\traditional\proc\p18f14k50.asm
                     UEP4   0x000f57       data     extern E:\3.46\pic18-lt\cxx-framework\src\traditional\proc\p18f14k50.asm
                 UEP4bits   0x000f57       data     extern E:\3.46\pic18-lt\cxx-framework\src\traditional\proc\p18f14k50.asm
                     UEP5   0x000f58       data     extern E:\3.46\pic18-lt\cxx-framework\src\traditional\proc\p18f14k50.asm
                 UEP5bits   0x000f58       data     extern E:\3.46\pic18-lt\cxx-framework\src\traditional\proc\p18f14k50.asm
                     UEP6   0x000f59       data     extern E:\3.46\pic18-lt\cxx-framework\src\traditional\proc\p18f14k50.asm
                 UEP6bits   0x000f59       data     extern E:\3.46\pic18-lt\cxx-framework\src\traditional\proc\p18f14k50.asm
                     UEP7   0x000f5a       data     extern E:\3.46\pic18-lt\cxx-framework\src\traditional\proc\p18f14k50.asm
                 UEP7bits   0x000f5a       data     extern E:\3.46\pic18-lt\cxx-framework\src\traditional\proc\p18f14k50.asm
                    UFRMH   0x000f5e       data     extern E:\3.46\pic18-lt\cxx-framework\src\traditional\proc\p18f14k50.asm
                UFRMHbits   0x000f5e       data     extern E:\3.46\pic18-lt\cxx-framework\src\traditional\proc\p18f14k50.asm
                    UFRML   0x000f5d       data     extern E:\3.46\pic18-lt\cxx-framework\src\traditional\proc\p18f14k50.asm
                UFRMLbits   0x000f5d       data     extern E:\3.46\pic18-lt\cxx-framework\src\traditional\proc\p18f14k50.asm
                      UIE   0x000f60       data     extern E:\3.46\pic18-lt\cxx-framework\src\traditional\proc\p18f14k50.asm
                  UIEbits   0x000f60       data     extern E:\3.46\pic18-lt\cxx-framework\src\traditional\proc\p18f14k50.asm
                      UIR   0x000f62       data     extern E:\3.46\pic18-lt\cxx-framework\src\traditional\proc\p18f14k50.asm
                  UIRbits   0x000f62       data     extern E:\3.46\pic18-lt\cxx-framework\src\traditional\proc\p18f14k50.asm
   USBActiveConfiguration   0x0001b3       data     extern C:\temp2\RemoconServant212_ex\Microchip\USB\usb_device.c
    USBAlternateInterface   0x0001b4       data     extern C:\temp2\RemoconServant212_ex\Microchip\USB\usb_device.c
        USBBusIsSuspended   0x0001de       data     extern C:\temp2\RemoconServant212_ex\Microchip\USB\usb_device.c
USBDeferINDataStagePackets   0x0001f0       data     extern C:\temp2\RemoconServant212_ex\Microchip\USB\usb_device.c
USBDeferOUTDataStagePackets   0x0001f1       data     extern C:\temp2\RemoconServant212_ex\Microchip\USB\usb_device.c
USBDeferStatusStagePacket   0x0001ed       data     extern C:\temp2\RemoconServant212_ex\Microchip\USB\usb_device.c
           USBDeviceState   0x0001b2       data     extern C:\temp2\RemoconServant212_ex\Microchip\USB\usb_device.c
              USBInHandle   0x00006d       data     extern C:\temp2\RemoconServant212_ex\main.c
             USBOutHandle   0x00006b       data     extern C:\temp2\RemoconServant212_ex\main.c
USBStatusStageEnabledFlag1   0x0001ee       data     extern C:\temp2\RemoconServant212_ex\Microchip\USB\usb_device.c
USBStatusStageEnabledFlag2   0x0001ef       data     extern C:\temp2\RemoconServant212_ex\Microchip\USB\usb_device.c
USBStatusStageTimeoutCounter   0x0001ec       data     extern C:\temp2\RemoconServant212_ex\Microchip\USB\usb_device.c
                    USTAT   0x000f63       data     extern E:\3.46\pic18-lt\cxx-framework\src\traditional\proc\p18f14k50.asm
                USTATbits   0x000f63       data     extern E:\3.46\pic18-lt\cxx-framework\src\traditional\proc\p18f14k50.asm
                USTATcopy   0x0001df       data     extern C:\temp2\RemoconServant212_ex\Microchip\USB\usb_device.c
                 VREFCON0   0x000fba       data     extern E:\3.46\pic18-lt\cxx-framework\src\traditional\proc\p18f14k50.asm
             VREFCON0bits   0x000fba       data     extern E:\3.46\pic18-lt\cxx-framework\src\traditional\proc\p18f14k50.asm
                 VREFCON1   0x000fbb       data     extern E:\3.46\pic18-lt\cxx-framework\src\traditional\proc\p18f14k50.asm
             VREFCON1bits   0x000fbb       data     extern E:\3.46\pic18-lt\cxx-framework\src\traditional\proc\p18f14k50.asm
                 VREFCON2   0x000fbc       data     extern E:\3.46\pic18-lt\cxx-framework\src\traditional\proc\p18f14k50.asm
             VREFCON2bits   0x000fbc       data     extern E:\3.46\pic18-lt\cxx-framework\src\traditional\proc\p18f14k50.asm
                        W   0x000fe8       data     extern E:\3.46\pic18-lt\cxx-framework\src\traditional\proc\p18f14k50.asm
                   WDTCON   0x000fd1       data     extern E:\3.46\pic18-lt\cxx-framework\src\traditional\proc\p18f14k50.asm
               WDTCONbits   0x000fd1       data     extern E:\3.46\pic18-lt\cxx-framework\src\traditional\proc\p18f14k50.asm
                     WPUA   0x000f77       data     extern E:\3.46\pic18-lt\cxx-framework\src\traditional\proc\p18f14k50.asm
                 WPUAbits   0x000f77       data     extern E:\3.46\pic18-lt\cxx-framework\src\traditional\proc\p18f14k50.asm
                     WPUB   0x000f78       data     extern E:\3.46\pic18-lt\cxx-framework\src\traditional\proc\p18f14k50.asm
                 WPUBbits   0x000f78       data     extern E:\3.46\pic18-lt\cxx-framework\src\traditional\proc\p18f14k50.asm
                     WREG   0x000fe8       data     extern E:\3.46\pic18-lt\cxx-framework\src\traditional\proc\p18f14k50.asm
                 __AARGB0   0x000007       data     extern E:\3.46\pic18-lt\cxx-framework\src\traditional\math\aarg.asm
                 __AARGB1   0x000006       data     extern E:\3.46\pic18-lt\cxx-framework\src\traditional\math\aarg.asm
                 __AARGB2   0x000005       data     extern E:\3.46\pic18-lt\cxx-framework\src\traditional\math\aarg.asm
                 __AARGB3   0x000004       data     extern E:\3.46\pic18-lt\cxx-framework\src\traditional\math\aarg.asm
                 __AARGB4   0x000003       data     extern E:\3.46\pic18-lt\cxx-framework\src\traditional\math\aarg.asm
                 __AARGB5   0x000002       data     extern E:\3.46\pic18-lt\cxx-framework\src\traditional\math\aarg.asm
                 __AARGB6   0x000001       data     extern E:\3.46\pic18-lt\cxx-framework\src\traditional\math\aarg.asm
                 __AARGB7   0x000000       data     extern E:\3.46\pic18-lt\cxx-framework\src\traditional\math\aarg.asm
                   __AEXP   0x000008       data     extern E:\3.46\pic18-lt\cxx-framework\src\traditional\math\aarg.asm
                 __BARGB0   0x00000c       data     extern E:\3.46\pic18-lt\cxx-framework\src\traditional\math\barg.asm
                 __BARGB1   0x00000b       data     extern E:\3.46\pic18-lt\cxx-framework\src\traditional\math\barg.asm
                 __BARGB2   0x00000a       data     extern E:\3.46\pic18-lt\cxx-framework\src\traditional\math\barg.asm
                 __BARGB3   0x000009       data     extern E:\3.46\pic18-lt\cxx-framework\src\traditional\math\barg.asm
                   __BEXP   0x00000d       data     extern E:\3.46\pic18-lt\cxx-framework\src\traditional\math\barg.asm
                __FPFLAGS   0x00000f       data     extern E:\3.46\pic18-lt\cxx-framework\src\traditional\math\cmath18.asm
            __FPFLAGSbits   0x00000f       data     extern E:\3.46\pic18-lt\cxx-framework\src\traditional\math\cmath18.asm
                  __REMB0   0x000003       data     extern E:\3.46\pic18-lt\cxx-framework\src\traditional\math\aarg.asm
                  __REMB1   0x000002       data     extern E:\3.46\pic18-lt\cxx-framework\src\traditional\math\aarg.asm
                  __REMB2   0x000001       data     extern E:\3.46\pic18-lt\cxx-framework\src\traditional\math\aarg.asm
                  __REMB3   0x000000       data     extern E:\3.46\pic18-lt\cxx-framework\src\traditional\math\aarg.asm
                  __tmp_0   0x000010       data     static E:\3.46\pic18-lt\cxx-framework\src\pmc_common\PWM\pw1setdc.c
                  __tmp_0   0x000010       data     static C:\temp2\RemoconServant212_ex\Microchip\USB\usb_device.c
                  __tmp_0   0x000010       data     static C:\temp2\RemoconServant212_ex\main.c
          active_protocol   0x0001f3       data     extern C:\temp2\RemoconServant212_ex\Microchip\USB\HID Device Driver\usb_function_hid.c
                c_version   0x000060       data     extern C:\temp2\RemoconServant212_ex\main.c
     controlTransferState   0x0001ce       data     extern C:\temp2\RemoconServant212_ex\Microchip\USB\usb_device.c
                curr_byte   0x0000f8       data     static E:\3.46\pic18-lt\cxx-framework\src\traditional\startup\c018i.c
               curr_entry   0x0000fa       data     static E:\3.46\pic18-lt\cxx-framework\src\traditional\startup\c018i.c
                 data_ptr   0x0000fc       data     static E:\3.46\pic18-lt\cxx-framework\src\traditional\startup\c018i.c
              delay_count   0x0001b0       data     static C:\temp2\RemoconServant212_ex\main.c
             eeprom_1data   0x000160       data     extern C:\temp2\RemoconServant212_ex\main.c
        eeprom_check_data   0x000071       data     extern C:\temp2\RemoconServant212_ex\main.c
          endpoint_number   0x0001e0       data     extern C:\temp2\RemoconServant212_ex\Microchip\USB\usb_device.c
               ep_data_in   0x0001e2       data     extern C:\temp2\RemoconServant212_ex\Microchip\USB\usb_device.c
              ep_data_out   0x0001e7       data     extern C:\temp2\RemoconServant212_ex\Microchip\USB\usb_device.c
               hid_report   0x00026e       data     extern C:\temp2\RemoconServant212_ex\main.c
            hid_report_in   0x000261       data     extern C:\temp2\RemoconServant212_ex\Microchip\USB\usb_device.c
           hid_report_out   0x000260       data     extern C:\temp2\RemoconServant212_ex\Microchip\USB\usb_device.c
      hid_report_out_flag   0x0000f4       data     extern C:\temp2\RemoconServant212_ex\main.c
                idle_rate   0x0001f2       data     extern C:\temp2\RemoconServant212_ex\Microchip\USB\HID Device Driver\usb_function_hid.c
                  inPipes   0x0001cf       data     extern C:\temp2\RemoconServant212_ex\Microchip\USB\usb_device.c
          keyboard_buffer   0x000150       data     extern C:\temp2\RemoconServant212_ex\main.c
lastINTransmissionKeyboard   0x00015c       data     extern C:\temp2\RemoconServant212_ex\main.c
lastOUTTransmissionKeyboard   0x00015e       data     extern C:\temp2\RemoconServant212_ex\main.c
         lastTransmission   0x000158       data     extern C:\temp2\RemoconServant212_ex\main.c
        lastTransmission2   0x00015a       data     extern C:\temp2\RemoconServant212_ex\main.c
             mouse_buffer   0x000066       data     extern C:\temp2\RemoconServant212_ex\main.c
              mouse_input   0x00026a       data     extern C:\temp2\RemoconServant212_ex\main.c
     mouse_input_out_flag   0x0000f3       data     extern C:\temp2\RemoconServant212_ex\main.c
                 outPipes   0x0001d4       data     extern C:\temp2\RemoconServant212_ex\Microchip\USB\usb_device.c
   pBDTEntryEP0OutCurrent   0x0001b5       data     extern C:\temp2\RemoconServant212_ex\Microchip\USB\usb_device.c
      pBDTEntryEP0OutNext   0x0001b7       data     extern C:\temp2\RemoconServant212_ex\Microchip\USB\usb_device.c
              pBDTEntryIn   0x0001c3       data     extern C:\temp2\RemoconServant212_ex\Microchip\USB\usb_device.c
             pBDTEntryOut   0x0001b9       data     extern C:\temp2\RemoconServant212_ex\Microchip\USB\usb_device.c
                     pDst   0x0001db       data     extern C:\temp2\RemoconServant212_ex\Microchip\USB\usb_device.c
   process_read_data_flag   0x0000cc       data     extern C:\temp2\RemoconServant212_ex\main.c
                     prom   0x0000f5       data     static E:\3.46\pic18-lt\cxx-framework\src\traditional\startup\c018i.c
  result_button_press_set   0x00006f       data     extern C:\temp2\RemoconServant212_ex\main.c
 result_button_press_set2   0x000070       data     extern C:\temp2\RemoconServant212_ex\main.c
      send_read_data_flag   0x0000cb       data     extern C:\temp2\RemoconServant212_ex\main.c
        shortPacketStatus   0x0001cd       data     extern C:\temp2\RemoconServant212_ex\Microchip\USB\usb_device.c
        uc_first_data_bit   0x0000e9       data     extern C:\temp2\RemoconServant212_ex\main.c
         uc_fix_read_buff   0x0000a8       data     extern C:\temp2\RemoconServant212_ex\main.c
           uc_format_type   0x0000d5       data     extern C:\temp2\RemoconServant212_ex\main.c
            uc_now_signal   0x0000d9       data     extern C:\temp2\RemoconServant212_ex\main.c
              uc_out_buff   0x00018d       data     extern C:\temp2\RemoconServant212_ex\main.c
         uc_out_code_type   0x0000eb       data     extern C:\temp2\RemoconServant212_ex\main.c
         uc_out_data0_off   0x0000e4       data     extern C:\temp2\RemoconServant212_ex\main.c
          uc_out_data0_on   0x0000e3       data     extern C:\temp2\RemoconServant212_ex\main.c
         uc_out_data1_off   0x0000e6       data     extern C:\temp2\RemoconServant212_ex\main.c
          uc_out_data1_on   0x0000e5       data     extern C:\temp2\RemoconServant212_ex\main.c
          uc_out_data_len   0x0000e2       data     extern C:\temp2\RemoconServant212_ex\main.c
            uc_out_status   0x0000dd       data     extern C:\temp2\RemoconServant212_ex\main.c
            uc_pre_signal   0x0000da       data     extern C:\temp2\RemoconServant212_ex\main.c
     uc_process_read_data   0x00016a       data     extern C:\temp2\RemoconServant212_ex\main.c
             uc_read_buff   0x000085       data     extern C:\temp2\RemoconServant212_ex\main.c
        uc_read_code_type   0x0000ea       data     extern C:\temp2\RemoconServant212_ex\main.c
           uc_read_status   0x0000cf       data     extern C:\temp2\RemoconServant212_ex\main.c
     uc_receive_wait_mode   0x0000d6       data     extern C:\temp2\RemoconServant212_ex\main.c
         uc_send_bit_size   0x0000e7       data     extern C:\temp2\RemoconServant212_ex\main.c
uc_send_bit_size_2nd_data   0x0000e8       data     extern C:\temp2\RemoconServant212_ex\main.c
             uc_tick_base   0x0000d4       data     extern C:\temp2\RemoconServant212_ex\main.c
         ui_PWM50_Set_Val   0x0000ec       data     extern C:\temp2\RemoconServant212_ex\main.c
              ui_data_pos   0x0000cd       data     extern C:\temp2\RemoconServant212_ex\main.c
    ui_next_data_wait_cnt   0x0000d7       data     extern C:\temp2\RemoconServant212_ex\main.c
             ui_off_count   0x0000d0       data     extern C:\temp2\RemoconServant212_ex\main.c
              ui_on_count   0x0000d2       data     extern C:\temp2\RemoconServant212_ex\main.c
          ui_out_off_time   0x0000e0       data     extern C:\temp2\RemoconServant212_ex\main.c
           ui_out_on_time   0x0000de       data     extern C:\temp2\RemoconServant212_ex\main.c
               ui_out_pos   0x0000db       data     extern C:\temp2\RemoconServant212_ex\main.c
            volume_buffer   0x00006a       data     extern C:\temp2\RemoconServant212_ex\main.c
             volume_input   0x000269       data     extern C:\temp2\RemoconServant212_ex\main.c
    volume_input_out_flag   0x0000f2       data     extern C:\temp2\RemoconServant212_ex\main.c



                              Symbols - Sorted by Address
[...]
                TRISAbits   0x000f92       data     extern E:\3.46\pic18-lt\cxx-framework\src\traditional\proc\p18f14k50.asm
                    TRISA   0x000f92       data     extern E:\3.46\pic18-lt\cxx-framework\src\traditional\proc\p18f14k50.asm
                TRISBbits   0x000f93       data     extern E:\3.46\pic18-lt\cxx-framework\src\traditional\proc\p18f14k50.asm
                    TRISB   0x000f93       data     extern E:\3.46\pic18-lt\cxx-framework\src\traditional\proc\p18f14k50.asm
                 DDRBbits   0x000f93       data     extern E:\3.46\pic18-lt\cxx-framework\src\traditional\proc\p18f14k50.asm
                     DDRB   0x000f93       data     extern E:\3.46\pic18-lt\cxx-framework\src\traditional\proc\p18f14k50.asm
                     DDRC   0x000f94       data     extern E:\3.46\pic18-lt\cxx-framework\src\traditional\proc\p18f14k50.asm
                 DDRCbits   0x000f94       data     extern E:\3.46\pic18-lt\cxx-framework\src\traditional\proc\p18f14k50.asm
                    TRISC   0x000f94       data     extern E:\3.46\pic18-lt\cxx-framework\src\traditional\proc\p18f14k50.asm
                TRISCbits   0x000f94       data     extern E:\3.46\pic18-lt\cxx-framework\src\traditional\proc\p18f14k50.asm
              OSCTUNEbits   0x000f9b       data     extern E:\3.46\pic18-lt\cxx-framework\src\traditional\proc\p18f14k50.asm
                  OSCTUNE   0x000f9b       data     extern E:\3.46\pic18-lt\cxx-framework\src\traditional\proc\p18f14k50.asm
                 PIE1bits   0x000f9d       data     extern E:\3.46\pic18-lt\cxx-framework\src\traditional\proc\p18f14k50.asm
                     PIE1   0x000f9d       data     extern E:\3.46\pic18-lt\cxx-framework\src\traditional\proc\p18f14k50.asm
                     PIR1   0x000f9e       data     extern E:\3.46\pic18-lt\cxx-framework\src\traditional\proc\p18f14k50.asm
                 PIR1bits   0x000f9e       data     extern E:\3.46\pic18-lt\cxx-framework\src\traditional\proc\p18f14k50.asm
                     IPR1   0x000f9f       data     extern E:\3.46\pic18-lt\cxx-framework\src\traditional\proc\p18f14k50.asm
                 IPR1bits   0x000f9f       data     extern E:\3.46\pic18-lt\cxx-framework\src\traditional\proc\p18f14k50.asm
                     PIE2   0x000fa0       data     extern E:\3.46\pic18-lt\cxx-framework\src\traditional\proc\p18f14k50.asm
                 PIE2bits   0x000fa0       data     extern E:\3.46\pic18-lt\cxx-framework\src\traditional\proc\p18f14k50.asm
                     PIR2   0x000fa1       data     extern E:\3.46\pic18-lt\cxx-framework\src\traditional\proc\p18f14k50.asm
                 PIR2bits   0x000fa1       data     extern E:\3.46\pic18-lt\cxx-framework\src\traditional\proc\p18f14k50.asm
                     IPR2   0x000fa2       data     extern E:\3.46\pic18-lt\cxx-framework\src\traditional\proc\p18f14k50.asm
                 IPR2bits   0x000fa2       data     extern E:\3.46\pic18-lt\cxx-framework\src\traditional\proc\p18f14k50.asm
                   EECON1   0x000fa6       data     extern E:\3.46\pic18-lt\cxx-framework\src\traditional\proc\p18f14k50.asm
               EECON1bits   0x000fa6       data     extern E:\3.46\pic18-lt\cxx-framework\src\traditional\proc\p18f14k50.asm
                   EECON2   0x000fa7       data     extern E:\3.46\pic18-lt\cxx-framework\src\traditional\proc\p18f14k50.asm
                   EEDATA   0x000fa8       data     extern E:\3.46\pic18-lt\cxx-framework\src\traditional\proc\p18f14k50.asm
                    EEADR   0x000fa9       data     extern E:\3.46\pic18-lt\cxx-framework\src\traditional\proc\p18f14k50.asm
                EEADRbits   0x000fa9       data     extern E:\3.46\pic18-lt\cxx-framework\src\traditional\proc\p18f14k50.asm
                    RCSTA   0x000fab       data     extern E:\3.46\pic18-lt\cxx-framework\src\traditional\proc\p18f14k50.asm
                RCSTAbits   0x000fab       data     extern E:\3.46\pic18-lt\cxx-framework\src\traditional\proc\p18f14k50.asm
                    TXSTA   0x000fac       data     extern E:\3.46\pic18-lt\cxx-framework\src\traditional\proc\p18f14k50.asm
                TXSTAbits   0x000fac       data     extern E:\3.46\pic18-lt\cxx-framework\src\traditional\proc\p18f14k50.asm
                    TXREG   0x000fad       data     extern E:\3.46\pic18-lt\cxx-framework\src\traditional\proc\p18f14k50.asm
                    RCREG   0x000fae       data     extern E:\3.46\pic18-lt\cxx-framework\src\traditional\proc\p18f14k50.asm
                    SPBRG   0x000faf       data     extern E:\3.46\pic18-lt\cxx-framework\src\traditional\proc\p18f14k50.asm
                   SPBRGH   0x000fb0       data     extern E:\3.46\pic18-lt\cxx-framework\src\traditional\proc\p18f14k50.asm
                    T3CON   0x000fb1       data     extern E:\3.46\pic18-lt\cxx-framework\src\traditional\proc\p18f14k50.asm
                T3CONbits   0x000fb1       data     extern E:\3.46\pic18-lt\cxx-framework\src\traditional\proc\p18f14k50.asm
                    TMR3L   0x000fb2       data     extern E:\3.46\pic18-lt\cxx-framework\src\traditional\proc\p18f14k50.asm
                    TMR3H   0x000fb3       data     extern E:\3.46\pic18-lt\cxx-framework\src\traditional\proc\p18f14k50.asm
              ECCP1ASbits   0x000fb6       data     extern E:\3.46\pic18-lt\cxx-framework\src\traditional\proc\p18f14k50.asm
                  ECCP1AS   0x000fb6       data     extern E:\3.46\pic18-lt\cxx-framework\src\traditional\proc\p18f14k50.asm
              PWM1CONbits   0x000fb7       data     extern E:\3.46\pic18-lt\cxx-framework\src\traditional\proc\p18f14k50.asm
                  PWM1CON   0x000fb7       data     extern E:\3.46\pic18-lt\cxx-framework\src\traditional\proc\p18f14k50.asm
              BAUDCTLbits   0x000fb8       data     extern E:\3.46\pic18-lt\cxx-framework\src\traditional\proc\p18f14k50.asm
                  BAUDCTL   0x000fb8       data     extern E:\3.46\pic18-lt\cxx-framework\src\traditional\proc\p18f14k50.asm
              BAUDCONbits   0x000fb8       data     extern E:\3.46\pic18-lt\cxx-framework\src\traditional\proc\p18f14k50.asm
                  BAUDCON   0x000fb8       data     extern E:\3.46\pic18-lt\cxx-framework\src\traditional\proc\p18f14k50.asm
              PSTRCONbits   0x000fb9       data     extern E:\3.46\pic18-lt\cxx-framework\src\traditional\proc\p18f14k50.asm
                  PSTRCON   0x000fb9       data     extern E:\3.46\pic18-lt\cxx-framework\src\traditional\proc\p18f14k50.asm
                  REFCON0   0x000fba       data     extern E:\3.46\pic18-lt\cxx-framework\src\traditional\proc\p18f14k50.asm
              REFCON0bits   0x000fba       data     extern E:\3.46\pic18-lt\cxx-framework\src\traditional\proc\p18f14k50.asm
                 VREFCON0   0x000fba       data     extern E:\3.46\pic18-lt\cxx-framework\src\traditional\proc\p18f14k50.asm
             VREFCON0bits   0x000fba       data     extern E:\3.46\pic18-lt\cxx-framework\src\traditional\proc\p18f14k50.asm
              REFCON1bits   0x000fbb       data     extern E:\3.46\pic18-lt\cxx-framework\src\traditional\proc\p18f14k50.asm
                  REFCON1   0x000fbb       data     extern E:\3.46\pic18-lt\cxx-framework\src\traditional\proc\p18f14k50.asm
             VREFCON1bits   0x000fbb       data     extern E:\3.46\pic18-lt\cxx-framework\src\traditional\proc\p18f14k50.asm
                 VREFCON1   0x000fbb       data     extern E:\3.46\pic18-lt\cxx-framework\src\traditional\proc\p18f14k50.asm
             VREFCON2bits   0x000fbc       data     extern E:\3.46\pic18-lt\cxx-framework\src\traditional\proc\p18f14k50.asm
                 VREFCON2   0x000fbc       data     extern E:\3.46\pic18-lt\cxx-framework\src\traditional\proc\p18f14k50.asm
                  REFCON2   0x000fbc       data     extern E:\3.46\pic18-lt\cxx-framework\src\traditional\proc\p18f14k50.asm
              REFCON2bits   0x000fbc       data     extern E:\3.46\pic18-lt\cxx-framework\src\traditional\proc\p18f14k50.asm
              CCP1CONbits   0x000fbd       data     extern E:\3.46\pic18-lt\cxx-framework\src\traditional\proc\p18f14k50.asm
                  CCP1CON   0x000fbd       data     extern E:\3.46\pic18-lt\cxx-framework\src\traditional\proc\p18f14k50.asm
                    CCPR1   0x000fbe       data     extern E:\3.46\pic18-lt\cxx-framework\src\traditional\proc\p18f14k50.asm
                   CCPR1L   0x000fbe       data     extern E:\3.46\pic18-lt\cxx-framework\src\traditional\proc\p18f14k50.asm
                   CCPR1H   0x000fbf       data     extern E:\3.46\pic18-lt\cxx-framework\src\traditional\proc\p18f14k50.asm
               ADCON2bits   0x000fc0       data     extern E:\3.46\pic18-lt\cxx-framework\src\traditional\proc\p18f14k50.asm
                   ADCON2   0x000fc0       data     extern E:\3.46\pic18-lt\cxx-framework\src\traditional\proc\p18f14k50.asm
               ADCON1bits   0x000fc1       data     extern E:\3.46\pic18-lt\cxx-framework\src\traditional\proc\p18f14k50.asm
                   ADCON1   0x000fc1       data     extern E:\3.46\pic18-lt\cxx-framework\src\traditional\proc\p18f14k50.asm
                   ADCON0   0x000fc2       data     extern E:\3.46\pic18-lt\cxx-framework\src\traditional\proc\p18f14k50.asm
               ADCON0bits   0x000fc2       data     extern E:\3.46\pic18-lt\cxx-framework\src\traditional\proc\p18f14k50.asm
                    ADRES   0x000fc3       data     extern E:\3.46\pic18-lt\cxx-framework\src\traditional\proc\p18f14k50.asm
                   ADRESL   0x000fc3       data     extern E:\3.46\pic18-lt\cxx-framework\src\traditional\proc\p18f14k50.asm
                   ADRESH   0x000fc4       data     extern E:\3.46\pic18-lt\cxx-framework\src\traditional\proc\p18f14k50.asm
                  SSPCON2   0x000fc5       data     extern E:\3.46\pic18-lt\cxx-framework\src\traditional\proc\p18f14k50.asm
              SSPCON2bits   0x000fc5       data     extern E:\3.46\pic18-lt\cxx-framework\src\traditional\proc\p18f14k50.asm
              SSPCON1bits   0x000fc6       data     extern E:\3.46\pic18-lt\cxx-framework\src\traditional\proc\p18f14k50.asm
                  SSPCON1   0x000fc6       data     extern E:\3.46\pic18-lt\cxx-framework\src\traditional\proc\p18f14k50.asm
                  SSPSTAT   0x000fc7       data     extern E:\3.46\pic18-lt\cxx-framework\src\traditional\proc\p18f14k50.asm
              SSPSTATbits   0x000fc7       data     extern E:\3.46\pic18-lt\cxx-framework\src\traditional\proc\p18f14k50.asm
                   SSPADD   0x000fc8       data     extern E:\3.46\pic18-lt\cxx-framework\src\traditional\proc\p18f14k50.asm
                   SSPBUF   0x000fc9       data     extern E:\3.46\pic18-lt\cxx-framework\src\traditional\proc\p18f14k50.asm
                    T2CON   0x000fca       data     extern E:\3.46\pic18-lt\cxx-framework\src\traditional\proc\p18f14k50.asm
                T2CONbits   0x000fca       data     extern E:\3.46\pic18-lt\cxx-framework\src\traditional\proc\p18f14k50.asm
                      PR2   0x000fcb       data     extern E:\3.46\pic18-lt\cxx-framework\src\traditional\proc\p18f14k50.asm
                     TMR2   0x000fcc       data     extern E:\3.46\pic18-lt\cxx-framework\src\traditional\proc\p18f14k50.asm
                    T1CON   0x000fcd       data     extern E:\3.46\pic18-lt\cxx-framework\src\traditional\proc\p18f14k50.asm
                T1CONbits   0x000fcd       data     extern E:\3.46\pic18-lt\cxx-framework\src\traditional\proc\p18f14k50.asm
                    TMR1L   0x000fce       data     extern E:\3.46\pic18-lt\cxx-framework\src\traditional\proc\p18f14k50.asm
                    TMR1H   0x000fcf       data     extern E:\3.46\pic18-lt\cxx-framework\src\traditional\proc\p18f14k50.asm
                     RCON   0x000fd0       data     extern E:\3.46\pic18-lt\cxx-framework\src\traditional\proc\p18f14k50.asm
                 RCONbits   0x000fd0       data     extern E:\3.46\pic18-lt\cxx-framework\src\traditional\proc\p18f14k50.asm
                   WDTCON   0x000fd1       data     extern E:\3.46\pic18-lt\cxx-framework\src\traditional\proc\p18f14k50.asm
               WDTCONbits   0x000fd1       data     extern E:\3.46\pic18-lt\cxx-framework\src\traditional\proc\p18f14k50.asm
                  OSCCON2   0x000fd2       data     extern E:\3.46\pic18-lt\cxx-framework\src\traditional\proc\p18f14k50.asm
              OSCCON2bits   0x000fd2       data     extern E:\3.46\pic18-lt\cxx-framework\src\traditional\proc\p18f14k50.asm
                   OSCCON   0x000fd3       data     extern E:\3.46\pic18-lt\cxx-framework\src\traditional\proc\p18f14k50.asm
               OSCCONbits   0x000fd3       data     extern E:\3.46\pic18-lt\cxx-framework\src\traditional\proc\p18f14k50.asm
                T0CONbits   0x000fd5       data     extern E:\3.46\pic18-lt\cxx-framework\src\traditional\proc\p18f14k50.asm
                    T0CON   0x000fd5       data     extern E:\3.46\pic18-lt\cxx-framework\src\traditional\proc\p18f14k50.asm
                    TMR0L   0x000fd6       data     extern E:\3.46\pic18-lt\cxx-framework\src\traditional\proc\p18f14k50.asm
                    TMR0H   0x000fd7       data     extern E:\3.46\pic18-lt\cxx-framework\src\traditional\proc\p18f14k50.asm
                   STATUS   0x000fd8       data     extern E:\3.46\pic18-lt\cxx-framework\src\traditional\proc\p18f14k50.asm
               STATUSbits   0x000fd8       data     extern E:\3.46\pic18-lt\cxx-framework\src\traditional\proc\p18f14k50.asm
                    FSR2L   0x000fd9       data     extern E:\3.46\pic18-lt\cxx-framework\src\traditional\proc\p18f14k50.asm
                     FSR2   0x000fd9       data     extern E:\3.46\pic18-lt\cxx-framework\src\traditional\proc\p18f14k50.asm
                    FSR2H   0x000fda       data     extern E:\3.46\pic18-lt\cxx-framework\src\traditional\proc\p18f14k50.asm
                   PLUSW2   0x000fdb       data     extern E:\3.46\pic18-lt\cxx-framework\src\traditional\proc\p18f14k50.asm
                  PREINC2   0x000fdc       data     extern E:\3.46\pic18-lt\cxx-framework\src\traditional\proc\p18f14k50.asm
                 POSTDEC2   0x000fdd       data     extern E:\3.46\pic18-lt\cxx-framework\src\traditional\proc\p18f14k50.asm
                 POSTINC2   0x000fde       data     extern E:\3.46\pic18-lt\cxx-framework\src\traditional\proc\p18f14k50.asm
                    INDF2   0x000fdf       data     extern E:\3.46\pic18-lt\cxx-framework\src\traditional\proc\p18f14k50.asm
                      BSR   0x000fe0       data     extern E:\3.46\pic18-lt\cxx-framework\src\traditional\proc\p18f14k50.asm
                    FSR1L   0x000fe1       data     extern E:\3.46\pic18-lt\cxx-framework\src\traditional\proc\p18f14k50.asm
                     FSR1   0x000fe1       data     extern E:\3.46\pic18-lt\cxx-framework\src\traditional\proc\p18f14k50.asm
                    FSR1H   0x000fe2       data     extern E:\3.46\pic18-lt\cxx-framework\src\traditional\proc\p18f14k50.asm
                   PLUSW1   0x000fe3       data     extern E:\3.46\pic18-lt\cxx-framework\src\traditional\proc\p18f14k50.asm
                  PREINC1   0x000fe4       data     extern E:\3.46\pic18-lt\cxx-framework\src\traditional\proc\p18f14k50.asm
                 POSTDEC1   0x000fe5       data     extern E:\3.46\pic18-lt\cxx-framework\src\traditional\proc\p18f14k50.asm
                 POSTINC1   0x000fe6       data     extern E:\3.46\pic18-lt\cxx-framework\src\traditional\proc\p18f14k50.asm
                    INDF1   0x000fe7       data     extern E:\3.46\pic18-lt\cxx-framework\src\traditional\proc\p18f14k50.asm
                     WREG   0x000fe8       data     extern E:\3.46\pic18-lt\cxx-framework\src\traditional\proc\p18f14k50.asm
                        W   0x000fe8       data     extern E:\3.46\pic18-lt\cxx-framework\src\traditional\proc\p18f14k50.asm
                     FSR0   0x000fe9       data     extern E:\3.46\pic18-lt\cxx-framework\src\traditional\proc\p18f14k50.asm
                    FSR0L   0x000fe9       data     extern E:\3.46\pic18-lt\cxx-framework\src\traditional\proc\p18f14k50.asm
                    FSR0H   0x000fea       data     extern E:\3.46\pic18-lt\cxx-framework\src\traditional\proc\p18f14k50.asm
                   PLUSW0   0x000feb       data     extern E:\3.46\pic18-lt\cxx-framework\src\traditional\proc\p18f14k50.asm
                  PREINC0   0x000fec       data     extern E:\3.46\pic18-lt\cxx-framework\src\traditional\proc\p18f14k50.asm
                 POSTDEC0   0x000fed       data     extern E:\3.46\pic18-lt\cxx-framework\src\traditional\proc\p18f14k50.asm
                 POSTINC0   0x000fee       data     extern E:\3.46\pic18-lt\cxx-framework\src\traditional\proc\p18f14k50.asm
                    INDF0   0x000fef       data     extern E:\3.46\pic18-lt\cxx-framework\src\traditional\proc\p18f14k50.asm
              INTCON3bits   0x000ff0       data     extern E:\3.46\pic18-lt\cxx-framework\src\traditional\proc\p18f14k50.asm
                  INTCON3   0x000ff0       data     extern E:\3.46\pic18-lt\cxx-framework\src\traditional\proc\p18f14k50.asm
              INTCON2bits   0x000ff1       data     extern E:\3.46\pic18-lt\cxx-framework\src\traditional\proc\p18f14k50.asm
                  INTCON2   0x000ff1       data     extern E:\3.46\pic18-lt\cxx-framework\src\traditional\proc\p18f14k50.asm
               INTCONbits   0x000ff2       data     extern E:\3.46\pic18-lt\cxx-framework\src\traditional\proc\p18f14k50.asm
                   INTCON   0x000ff2       data     extern E:\3.46\pic18-lt\cxx-framework\src\traditional\proc\p18f14k50.asm
                     PROD   0x000ff3       data     extern E:\3.46\pic18-lt\cxx-framework\src\traditional\proc\p18f14k50.asm
                    PRODL   0x000ff3       data     extern E:\3.46\pic18-lt\cxx-framework\src\traditional\proc\p18f14k50.asm
                    PRODH   0x000ff4       data     extern E:\3.46\pic18-lt\cxx-framework\src\traditional\proc\p18f14k50.asm
                   TABLAT   0x000ff5       data     extern E:\3.46\pic18-lt\cxx-framework\src\traditional\proc\p18f14k50.asm
                   TBLPTR   0x000ff6       data     extern E:\3.46\pic18-lt\cxx-framework\src\traditional\proc\p18f14k50.asm
                  TBLPTRL   0x000ff6       data     extern E:\3.46\pic18-lt\cxx-framework\src\traditional\proc\p18f14k50.asm
                  TBLPTRH   0x000ff7       data     extern E:\3.46\pic18-lt\cxx-framework\src\traditional\proc\p18f14k50.asm
                  TBLPTRU   0x000ff8       data     extern E:\3.46\pic18-lt\cxx-framework\src\traditional\proc\p18f14k50.asm
                      PCL   0x000ff9       data     extern E:\3.46\pic18-lt\cxx-framework\src\traditional\proc\p18f14k50.asm
                       PC   0x000ff9       data     extern E:\3.46\pic18-lt\cxx-framework\src\traditional\proc\p18f14k50.asm
                   PCLATH   0x000ffa       data     extern E:\3.46\pic18-lt\cxx-framework\src\traditional\proc\p18f14k50.asm
                   PCLATU   0x000ffb       data     extern E:\3.46\pic18-lt\cxx-framework\src\traditional\proc\p18f14k50.asm
               STKPTRbits   0x000ffc       data     extern E:\3.46\pic18-lt\cxx-framework\src\traditional\proc\p18f14k50.asm
                   STKPTR   0x000ffc       data     extern E:\3.46\pic18-lt\cxx-framework\src\traditional\proc\p18f14k50.asm
                      TOS   0x000ffd       data     extern E:\3.46\pic18-lt\cxx-framework\src\traditional\proc\p18f14k50.asm
                     TOSL   0x000ffd       data     extern E:\3.46\pic18-lt\cxx-framework\src\traditional\proc\p18f14k50.asm
                     TOSH   0x000ffe       data     extern E:\3.46\pic18-lt\cxx-framework\src\traditional\proc\p18f14k50.asm
                     TOSU   0x000fff       data     extern E:\3.46\pic18-lt\cxx-framework\src\traditional\proc\p18f14k50.asm


